ARM Linker, 5.03 [Build 76] [MDK-ARM Lite]

==============================================================================

Section Cross References

    sam7.o(RESET) refers to sam7.o(STACK) for Stack_Top
    sam7.o(RESET) refers to entry.o(.ARM.Collect$$$$00000000) for __main
    delay.o(.text) refers to delay.o(.text) for delay_ms
    lcd.o(.text) refers to delay.o(.text) for delay_ms
    lcd.o(.text) refers to lcd.o(.data) for pPIOB
    lcd.o(.text) refers to lcd.o(.data) for pPIOB
    lcd.o(.text) refers to lcd.o(.text) for WriteSpiCommand
    lcd.o(.text) refers to lcd.o(.text) for LCDSetPixel
    lcd.o(.text) refers to lcd.o(.text) for WriteSpiCommand
    lcd.o(.text) refers to lcd.o(.text) for LCDSetLine
    lcd.o(.text) refers to lcd.o(.text) for LCDSetPixel
    lcd.o(.text) refers to lcd.o(.text) for WriteSpiCommand
    lcd.o(.text) refers to lcd.o(.constdata) for .constdata
    lcd.o(.text) refers to lcd.o(.text) for LCDPutChar
    main_code.o(.text) refers to main_code.o(.data) for a_pPMC
    main_code.o(.text) refers to ffltui.o(.text) for __aeabi_ui2f
    main_code.o(.text) refers to f2d.o(.text) for __aeabi_f2d
    main_code.o(.text) refers to dmul.o(.text) for __aeabi_dmul
    main_code.o(.text) refers to ddiv.o(.text) for __aeabi_ddiv
    main_code.o(.text) refers to d2f.o(.text) for __aeabi_d2f
    main_code.o(.text) refers to fmul.o(.text) for __aeabi_fmul
    main_code.o(.text) refers to ffixi.o(.text) for __aeabi_f2iz
    main_code.o(.text) refers to delay.o(.text) for delay_us
    main_code.o(.text) refers to lcd.o(.text) for InitSpi
    main_code.o(.text) refers to one_wire.o(.text) for owInit
    main_code.o(.text) refers to main_code.o(.data) for a_pADC
    main_code.o(.text) refers to main_code.o(.text) for dlugie
    main_code.o(.text) refers to main_code.o(.text) for dlugie
    main_code.o(.text) refers to main_code.o(.text) for krotkie
    main_code.o(.text) refers to main_code.o(.text) for krotkie
    main_code.o(.text) refers to main_code.o(.text) for dlugie
    main_code.o(.text) refers to main_code.o(.text) for krotkie
    main_code.o(.text) refers to main_code.o(.text) for krotkie
    main_code.o(.text) refers to main_code.o(.text) for dlugie
    main_code.o(.text) refers to main_code.o(.text) for krotkie
    main_code.o(.text) refers to main_code.o(.text) for dlugie
    main_code.o(.text) refers to main_code.o(.text) for krotkie
    main_code.o(.text) refers to main_code.o(.text) for dlugie
    main_code.o(.text) refers to main_code.o(.text) for krotkie
    main_code.o(.text) refers to main_code.o(.text) for krotkie
    main_code.o(.text) refers to main_code.o(.text) for dlugie
    main_code.o(.text) refers to main_code.o(.text) for krotkie
    main_code.o(.text) refers to main_code.o(.text) for krotkie
    main_code.o(.text) refers to main_code.o(.text) for krotkie
    main_code.o(.text) refers to main_code.o(.text) for dlugie
    main_code.o(.text) refers to main_code.o(.text) for dlugie
    main_code.o(.text) refers to main_code.o(.text) for dlugie
    main_code.o(.text) refers to main_code.o(.text) for krotkie
    main_code.o(.text) refers to main_code.o(.text) for dlugie
    main_code.o(.text) refers to main_code.o(.text) for krotkie
    main_code.o(.text) refers to main_code.o(.text) for dlugie
    main_code.o(.text) refers to main_code.o(.text) for dlugie
    main_code.o(.text) refers to main_code.o(.text) for krotkie
    main_code.o(.text) refers to main_code.o(.text) for dlugie
    main_code.o(.text) refers to main_code.o(.text) for krotkie
    main_code.o(.text) refers to main_code.o(.text) for dlugie
    main_code.o(.text) refers to main_code.o(.text) for dlugie
    main_code.o(.text) refers to main_code.o(.text) for krotkie
    main_code.o(.text) refers to main_code.o(.text) for krotkie
    main_code.o(.text) refers to main_code.o(.text) for krotkie
    main_code.o(.text) refers to main_code.o(.text) for krotkie
    main_code.o(.text) refers to main_code.o(.text) for krotkie
    main_code.o(.text) refers to main_code.o(.text) for dlugie
    main_code.o(.text) refers to main_code.o(.text) for dlugie
    main_code.o(.text) refers to main_code.o(.text) for dlugie
    main_code.o(.text) refers to main_code.o(.text) for dlugie
    main_code.o(.text) refers to main_code.o(.text) for dlugie
    main_code.o(.text) refers to main_code.o(.text) for krotkie
    main_code.o(.text) refers to main_code.o(.text) for dlugie
    main_code.o(.text) refers to main_code.o(.text) for krotkie
    main_code.o(.text) refers to main_code.o(.text) for krotkie
    main_code.o(.text) refers to main_code.o(.text) for krotkie
    main_code.o(.text) refers to main_code.o(.text) for dlugie
    main_code.o(.text) refers to main_code.o(.text) for dlugie
    main_code.o(.text) refers to main_code.o(.text) for krotkie
    main_code.o(.text) refers to main_code.o(.text) for dlugie
    main_code.o(.text) refers to main_code.o(.text) for dlugie
    main_code.o(.text) refers to main_code.o(.text) for krotkie
    main_code.o(.text) refers to main_code.o(.text) for dlugie
    main_code.o(.text) refers to main_code.o(.text) for dlugie
    main_code.o(.text) refers to main_code.o(.text) for dlugie
    main_code.o(.text) refers to main_code.o(.text) for dlugie
    main_code.o(.text) refers to main_code.o(.text) for krotkie
    main_code.o(.text) refers to main_code.o(.text) for krotkie
    main_code.o(.text) refers to main_code.o(.text) for krotkie
    main_code.o(.text) refers to main_code.o(.text) for dlugie
    main_code.o(.text) refers to main_code.o(.text) for krotkie
    main_code.o(.text) refers to main_code.o(.text) for krotkie
    main_code.o(.text) refers to main_code.o(.text) for krotkie
    main_code.o(.text) refers to main_code.o(.text) for krotkie
    main_code.o(.text) refers to main_code.o(.text) for krotkie
    main_code.o(.text) refers to main_code.o(.text) for dlugie
    main_code.o(.text) refers to main_code.o(.text) for krotkie
    ds18b20.o(.text) refers to one_wire.o(.text) for owPresence
    ds18b20.o(.text) refers to one_wire.o(.text) for owWrite
    ds18b20.o(.text) refers to one_wire.o(.text) for owStrongPullupOn
    ds18b20.o(.text) refers to one_wire.o(.text) for owStrongPullupOff
    ds18b20.o(.text) refers to one_wire.o(.text) for owPresence
    ds18b20.o(.text) refers to one_wire.o(.text) for owWrite
    ds18b20.o(.text) refers to one_wire.o(.text) for owRead
    ds18b20.o(.text) refers to ds18b20.o(.data) for COUNT_REMAIN
    one_wire.o(.text) refers to one_wire.o(.text) for owCrcUpdate
    one_wire.o(.text) refers to delay.o(.text) for delay_us
    one_wire.o(.text) refers to delay.o(.text) for delay_us
    one_wire.o(.text) refers to delay.o(.text) for delay_us
    one_wire.o(.text) refers to one_wire.o(.text) for owPresence
    one_wire.o(.text) refers to one_wire.o(.text) for owWrite
    one_wire.o(.text) refers to one_wire.o(.text) for owRead
    one_wire.o(.text) refers to one_wire.o(.text) for owCheckCrc
    entry.o(.ARM.Collect$$$$00000000) refers (Special) to entry10a.o(.ARM.Collect$$$$0000000D) for __rt_final_cpp
    entry.o(.ARM.Collect$$$$00000000) refers (Special) to entry11a.o(.ARM.Collect$$$$0000000F) for __rt_final_exit
    entry.o(.ARM.Collect$$$$00000000) refers (Special) to entry7b.o(.ARM.Collect$$$$00000008) for _main_clock
    entry.o(.ARM.Collect$$$$00000000) refers (Special) to entry8b.o(.ARM.Collect$$$$0000000A) for _main_cpp_init
    entry.o(.ARM.Collect$$$$00000000) refers (Special) to entry9a.o(.ARM.Collect$$$$0000000B) for _main_init
    entry.o(.ARM.Collect$$$$00000000) refers (Special) to entry5.o(.ARM.Collect$$$$00000004) for _main_scatterload
    entry.o(.ARM.Collect$$$$00000000) refers (Special) to entry2.o(.ARM.Collect$$$$00000001) for _main_stk
    fmul.o(.text) refers (Special) to iusefp.o(.text) for __I$use$fp
    dmul.o(.text) refers (Special) to iusefp.o(.text) for __I$use$fp
    dmul.o(.text) refers to depilogue.o(.text) for _double_epilogue
    ddiv.o(.text) refers (Special) to iusefp.o(.text) for __I$use$fp
    ddiv.o(.text) refers to depilogue.o(.text) for _double_round
    ffltui.o(.text) refers (Special) to iusefp.o(.text) for __I$use$fp
    ffltui.o(.text) refers to fepilogue.o(.text) for _float_epilogue
    ffixi.o(.text) refers (Special) to iusefp.o(.text) for __I$use$fp
    f2d.o(.text) refers (Special) to iusefp.o(.text) for __I$use$fp
    d2f.o(.text) refers (Special) to iusefp.o(.text) for __I$use$fp
    d2f.o(.text) refers to fepilogue.o(.text) for _float_round
    entry2.o(.ARM.Collect$$$$00000001) refers to entry2.o(.ARM.Collect$$$$00002712) for __lit__00000000
    entry2.o(.ARM.Collect$$$$00002712) refers to sam7.o(STACK) for __initial_sp
    entry5.o(.ARM.Collect$$$$00000004) refers to init.o(.text) for __scatterload
    entry9a.o(.ARM.Collect$$$$0000000B) refers to main_code.o(.text) for main
    entry9b.o(.ARM.Collect$$$$0000000C) refers to main_code.o(.text) for main
    depilogue.o(.text) refers to depilogue.o(i.__ARM_clz) for __ARM_clz
    depilogue.o(.text) refers to llshl.o(.text) for __aeabi_llsl
    depilogue.o(.text) refers to llushr.o(.text) for __aeabi_llsr
    init.o(.text) refers to entry5.o(.ARM.Collect$$$$00000004) for __main_after_scatterload


==============================================================================

Removing Unused input sections from the image.

    Removing sam7.o(HEAP), (0 bytes).
    Removing retarget.o(.text), (8 bytes).
    Removing delay.o(.text), (40 bytes).
    Removing lcd.o(.text), (52 bytes).
    Removing lcd.o(.text), (112 bytes).
    Removing lcd.o(.text), (236 bytes).
    Removing lcd.o(.text), (388 bytes).
    Removing lcd.o(.text), (304 bytes).
    Removing lcd.o(.text), (348 bytes).
    Removing lcd.o(.text), (124 bytes).
    Removing lcd.o(.constdata), (3116 bytes).
    Removing main_code.o(.text), (80 bytes).
    Removing main_code.o(.text), (28 bytes).
    Removing main_code.o(.text), (28 bytes).
    Removing main_code.o(.text), (16 bytes).
    Removing main_code.o(.text), (28 bytes).
    Removing main_code.o(.text), (24 bytes).
    Removing main_code.o(.text), (28 bytes).
    Removing main_code.o(.text), (28 bytes).
    Removing main_code.o(.text), (24 bytes).
    Removing main_code.o(.text), (28 bytes).
    Removing main_code.o(.text), (24 bytes).
    Removing main_code.o(.text), (28 bytes).
    Removing main_code.o(.text), (28 bytes).
    Removing main_code.o(.text), (24 bytes).
    Removing main_code.o(.text), (24 bytes).
    Removing main_code.o(.text), (16 bytes).
    Removing main_code.o(.text), (24 bytes).
    Removing main_code.o(.text), (28 bytes).
    Removing main_code.o(.text), (24 bytes).
    Removing main_code.o(.text), (28 bytes).
    Removing main_code.o(.text), (28 bytes).
    Removing main_code.o(.text), (28 bytes).
    Removing main_code.o(.text), (28 bytes).
    Removing main_code.o(.text), (32 bytes).
    Removing main_code.o(.text), (32 bytes).
    Removing main_code.o(.text), (28 bytes).
    Removing main_code.o(.text), (32 bytes).
    Removing main_code.o(.text), (32 bytes).
    Removing main_code.o(.text), (28 bytes).
    Removing main_code.o(.text), (40 bytes).
    Removing main_code.o(.text), (36 bytes).
    Removing main_code.o(.text), (32 bytes).
    Removing main_code.o(.text), (32 bytes).
    Removing main_code.o(.text), (32 bytes).
    Removing main_code.o(.text), (32 bytes).
    Removing main_code.o(.text), (32 bytes).
    Removing main_code.o(.text), (32 bytes).
    Removing main_code.o(.text), (32 bytes).
    Removing main_code.o(.text), (32 bytes).
    Removing main_code.o(.text), (32 bytes).
    Removing main_code.o(.text), (32 bytes).
    Removing main_code.o(.text), (32 bytes).
    Removing main_code.o(.text), (36 bytes).
    Removing main_code.o(.text), (36 bytes).
    Removing main_code.o(.text), (36 bytes).
    Removing main_code.o(.text), (36 bytes).
    Removing main_code.o(.text), (36 bytes).
    Removing main_code.o(.text), (36 bytes).
    Removing main_code.o(.text), (36 bytes).
    Removing main_code.o(.text), (36 bytes).
    Removing main_code.o(.text), (36 bytes).
    Removing main_code.o(.text), (36 bytes).
    Removing main_code.o(.text), (32 bytes).
    Removing main_code.o(.text), (32 bytes).
    Removing main_code.o(.text), (32 bytes).
    Removing main_code.o(.text), (36 bytes).
    Removing main_code.o(.text), (32 bytes).
    Removing main_code.o(.text), (36 bytes).
    Removing main_code.o(.text), (32 bytes).
    Removing main_code.o(.text), (60 bytes).
    Removing main_code.o(.text), (32 bytes).
    Removing main_code.o(.text), (32 bytes).
    Removing main_code.o(.text), (44 bytes).
    Removing main_code.o(.text), (36 bytes).
    Removing main_code.o(.text), (32 bytes).
    Removing main_code.o(.text), (32 bytes).
    Removing main_code.o(.text), (24 bytes).
    Removing main_code.o(.text), (36 bytes).
    Removing ds18b20.o(.text), (40 bytes).
    Removing ds18b20.o(.text), (168 bytes).
    Removing ds18b20.o(.data), (2 bytes).
    Removing one_wire.o(.text), (56 bytes).
    Removing one_wire.o(.text), (80 bytes).
    Removing one_wire.o(.text), (84 bytes).
    Removing one_wire.o(.text), (140 bytes).
    Removing one_wire.o(.text), (124 bytes).
    Removing one_wire.o(.text), (104 bytes).
    Removing one_wire.o(.text), (20 bytes).
    Removing one_wire.o(.text), (16 bytes).

90 unused section(s) (total 7738 bytes) removed from the image.

==============================================================================

Image Symbol Table

    Local Symbols

    Symbol Name                              Value     Ov Type        Size  Object(Section)

    ../clib/microlib/init/entry.s            0x00000000   Number         0  entry8a.o ABSOLUTE
    ../clib/microlib/init/entry.s            0x00000000   Number         0  entry5.o ABSOLUTE
    ../clib/microlib/init/entry.s            0x00000000   Number         0  entry7b.o ABSOLUTE
    ../clib/microlib/init/entry.s            0x00000000   Number         0  entry8b.o ABSOLUTE
    ../clib/microlib/init/entry.s            0x00000000   Number         0  entry9a.o ABSOLUTE
    ../clib/microlib/init/entry.s            0x00000000   Number         0  entry11b.o ABSOLUTE
    ../clib/microlib/init/entry.s            0x00000000   Number         0  entry.o ABSOLUTE
    ../clib/microlib/init/entry.s            0x00000000   Number         0  entry11a.o ABSOLUTE
    ../clib/microlib/init/entry.s            0x00000000   Number         0  entry10b.o ABSOLUTE
    ../clib/microlib/init/entry.s            0x00000000   Number         0  entry10a.o ABSOLUTE
    ../clib/microlib/init/entry.s            0x00000000   Number         0  entry9b.o ABSOLUTE
    ../clib/microlib/init/entry.s            0x00000000   Number         0  entry7a.o ABSOLUTE
    ../clib/microlib/init/entry.s            0x00000000   Number         0  entry2.o ABSOLUTE
    ../clib/microlib/longlong.c              0x00000000   Number         0  llshl.o ABSOLUTE
    ../clib/microlib/longlong.c              0x00000000   Number         0  llushr.o ABSOLUTE
    ../clib/microlib/stubs.s                 0x00000000   Number         0  iusefp.o ABSOLUTE
    ../clib/microlib/stubs.s                 0x00000000   Number         0  useno.o ABSOLUTE
    ../fplib/microlib/d2f.c                  0x00000000   Number         0  d2f.o ABSOLUTE
    ../fplib/microlib/f2d.c                  0x00000000   Number         0  f2d.o ABSOLUTE
    ../fplib/microlib/fpdiv.c                0x00000000   Number         0  ddiv.o ABSOLUTE
    ../fplib/microlib/fpepilogue.c           0x00000000   Number         0  depilogue.o ABSOLUTE
    ../fplib/microlib/fpepilogue.c           0x00000000   Number         0  fepilogue.o ABSOLUTE
    ../fplib/microlib/fpfix.c                0x00000000   Number         0  ffixi.o ABSOLUTE
    ../fplib/microlib/fpflt.c                0x00000000   Number         0  ffltui.o ABSOLUTE
    ../fplib/microlib/fpmul.c                0x00000000   Number         0  dmul.o ABSOLUTE
    ../fplib/microlib/fpmul.c                0x00000000   Number         0  fmul.o ABSOLUTE
    Retarget.c                               0x00000000   Number         0  retarget.o ABSOLUTE
    SAM7.s                                   0x00000000   Number         0  sam7.o ABSOLUTE
    dc.s                                     0x00000000   Number         0  dc.o ABSOLUTE
    delay.c                                  0x00000000   Number         0  delay.o ABSOLUTE
    ds18b20.c                                0x00000000   Number         0  ds18b20.o ABSOLUTE
    handlers.s                               0x00000000   Number         0  handlers.o ABSOLUTE
    init.s                                   0x00000000   Number         0  init.o ABSOLUTE
    lcd.c                                    0x00000000   Number         0  lcd.o ABSOLUTE
    main_code.c                              0x00000000   Number         0  main_code.o ABSOLUTE
    one_wire.c                               0x00000000   Number         0  one_wire.o ABSOLUTE
    RESET                                    0x00200000   Section      328  sam7.o(RESET)
    Undef_Handler                            0x00200040   ARM Code       4  sam7.o(RESET)
    SWI_Handler                              0x00200044   ARM Code       4  sam7.o(RESET)
    PAbt_Handler                             0x00200048   ARM Code       4  sam7.o(RESET)
    DAbt_Handler                             0x0020004c   ARM Code       4  sam7.o(RESET)
    IRQ_Handler                              0x00200050   ARM Code       4  sam7.o(RESET)
    FIQ_Handler                              0x00200054   ARM Code       4  sam7.o(RESET)
    .ARM.Collect$$$$00000000                 0x00200148   Section        0  entry.o(.ARM.Collect$$$$00000000)
    .ARM.Collect$$$$00000001                 0x00200148   Section        4  entry2.o(.ARM.Collect$$$$00000001)
    .ARM.Collect$$$$00000004                 0x0020014c   Section        4  entry5.o(.ARM.Collect$$$$00000004)
    .ARM.Collect$$$$00000008                 0x00200150   Section        0  entry7b.o(.ARM.Collect$$$$00000008)
    .ARM.Collect$$$$0000000A                 0x00200150   Section        0  entry8b.o(.ARM.Collect$$$$0000000A)
    .ARM.Collect$$$$0000000B                 0x00200150   Section       12  entry9a.o(.ARM.Collect$$$$0000000B)
    .ARM.Collect$$$$0000000D                 0x0020015c   Section        0  entry10a.o(.ARM.Collect$$$$0000000D)
    .ARM.Collect$$$$0000000F                 0x0020015c   Section        0  entry11a.o(.ARM.Collect$$$$0000000F)
    .ARM.Collect$$$$00002712                 0x0020015c   Section        4  entry2.o(.ARM.Collect$$$$00002712)
    __lit__00000000                          0x0020015c   Data           4  entry2.o(.ARM.Collect$$$$00002712)
    .text                                    0x00200160   Section        0  delay.o(.text)
    .text                                    0x002001c0   Section        0  lcd.o(.text)
    .text                                    0x00200470   Section        0  main_code.o(.text)
    .text                                    0x002008d4   Section        0  one_wire.o(.text)
    .text                                    0x002008f4   Section        0  fmul.o(.text)
    .text                                    0x00200980   Section        0  dmul.o(.text)
    .text                                    0x00200a9c   Section        0  ddiv.o(.text)
    .text                                    0x00200bc0   Section        0  ffltui.o(.text)
    .text                                    0x00200bd0   Section        0  ffixi.o(.text)
    .text                                    0x00200c10   Section        0  f2d.o(.text)
    .text                                    0x00200c48   Section        0  d2f.o(.text)
    .text                                    0x00200c90   Section        0  iusefp.o(.text)
    .text                                    0x00200c90   Section        0  fepilogue.o(.text)
    .text                                    0x00200d70   Section        0  depilogue.o(.text)
    .text                                    0x00200e90   Section       48  init.o(.text)
    .text                                    0x00200ec0   Section        0  llshl.o(.text)
    .text                                    0x00200ee8   Section        0  llushr.o(.text)
    i.__ARM_clz                              0x00200f14   Section        0  depilogue.o(i.__ARM_clz)
    i.__scatterload_copy                     0x00200f58   Section       28  handlers.o(i.__scatterload_copy)
    i.__scatterload_null                     0x00200f74   Section        4  handlers.o(i.__scatterload_null)
    i.__scatterload_zeroinit                 0x00200f78   Section       24  handlers.o(i.__scatterload_zeroinit)
    .data                                    0x00208000   Section       20  lcd.o(.data)
    .data                                    0x00208014   Section       44  main_code.o(.data)
    ye                                       0x00208038   Data           4  main_code.o(.data)
    STACK                                    0x00208040   Section     1160  sam7.o(STACK)
    Stack_Top                                0x002084c8   Data           0  sam7.o(STACK)

    Global Symbols

    Symbol Name                              Value     Ov Type        Size  Object(Section)

    BuildAttributes$$ARM_ISAv4$S$PE$A:L22$X:L11$S22$IEEE1$~IW$USESV6$~STKCKD$USESV7$~SHL$OTIME$ROPI$EBA8$MICROLIB$REQ8$PRES8$EABIv2 0x00000000   Number         0  anon$$obj.o ABSOLUTE
    __ARM_use_no_argv                        0x00000000   Number         0  main_code.o ABSOLUTE
    __use_no_errno                           0x00000000   Number         0  useno.o ABSOLUTE
    __use_no_exception_handling              0x00000000   Number         0  useno.o ABSOLUTE
    __use_no_fp                              0x00000000   Number         0  useno.o ABSOLUTE
    __use_no_heap                            0x00000000   Number         0  useno.o ABSOLUTE
    __use_no_heap_region                     0x00000000   Number         0  useno.o ABSOLUTE
    __use_no_semihosting                     0x00000000   Number         0  useno.o ABSOLUTE
    __use_no_semihosting_swi                 0x00000000   Number         0  useno.o ABSOLUTE
    __use_no_signal_handling                 0x00000000   Number         0  useno.o ABSOLUTE
    __cpp_initialize__aeabi_                  - Undefined Weak Reference
    __cxa_finalize                            - Undefined Weak Reference
    __decompress                              - Undefined Weak Reference
    _clock_init                               - Undefined Weak Reference
    _microlib_exit                            - Undefined Weak Reference
    Reset_Handler                            0x00200058   ARM Code       0  sam7.o(RESET)
    __main                                   0x00200148   ARM Code       0  entry.o(.ARM.Collect$$$$00000000)
    _main_stk                                0x00200148   ARM Code       0  entry2.o(.ARM.Collect$$$$00000001)
    _main_scatterload                        0x0020014c   ARM Code       0  entry5.o(.ARM.Collect$$$$00000004)
    __main_after_scatterload                 0x00200150   ARM Code       0  entry5.o(.ARM.Collect$$$$00000004)
    _main_clock                              0x00200150   ARM Code       0  entry7b.o(.ARM.Collect$$$$00000008)
    _main_cpp_init                           0x00200150   ARM Code       0  entry8b.o(.ARM.Collect$$$$0000000A)
    _main_init                               0x00200150   ARM Code       0  entry9a.o(.ARM.Collect$$$$0000000B)
    __rt_final_cpp                           0x0020015c   ARM Code       0  entry10a.o(.ARM.Collect$$$$0000000D)
    __rt_final_exit                          0x0020015c   ARM Code       0  entry11a.o(.ARM.Collect$$$$0000000F)
    delay_us                                 0x00200160   ARM Code      56  delay.o(.text)
    delay_ms                                 0x00200198   ARM Code      40  delay.o(.text)
    InitSpi                                  0x002001c0   ARM Code     212  lcd.o(.text)
    WriteSpiCommand                          0x00200294   ARM Code      60  lcd.o(.text)
    WriteSpiData                             0x002002d0   ARM Code      60  lcd.o(.text)
    InitLcd                                  0x0020030c   ARM Code     216  lcd.o(.text)
    LCDClearScreen                           0x002003e4   ARM Code     112  lcd.o(.text)
    GetAdcChanel                             0x00200470   ARM Code     300  main_code.o(.text)
    Voice                                    0x0020059c   ARM Code     236  main_code.o(.text)
    puste                                    0x00200688   ARM Code     136  main_code.o(.text)
    spacja                                   0x00200710   ARM Code      32  main_code.o(.text)
    krotkie                                  0x00200730   ARM Code      48  main_code.o(.text)
    dlugie                                   0x00200760   ARM Code      48  main_code.o(.text)
    _A                                       0x00200790   ARM Code      20  main_code.o(.text)
    _D                                       0x002007a4   ARM Code      24  main_code.o(.text)
    _I                                       0x002007bc   ARM Code      20  main_code.o(.text)
    _M                                       0x002007d0   ARM Code      20  main_code.o(.text)
    _N                                       0x002007e4   ARM Code      20  main_code.o(.text)
    _miedzynarodowy_sygnal_alarmowy_SOS      0x002007f8   ARM Code      48  main_code.o(.text)
    main                                     0x00200828   ARM Code     120  main_code.o(.text)
    owInit                                   0x002008d4   ARM Code      32  one_wire.o(.text)
    __aeabi_fmul                             0x002008f4   ARM Code     140  fmul.o(.text)
    __aeabi_dmul                             0x00200980   ARM Code     284  dmul.o(.text)
    __aeabi_ddiv                             0x00200a9c   ARM Code     292  ddiv.o(.text)
    __aeabi_ui2f                             0x00200bc0   ARM Code      16  ffltui.o(.text)
    __aeabi_f2iz                             0x00200bd0   ARM Code      64  ffixi.o(.text)
    __aeabi_f2d                              0x00200c10   ARM Code      56  f2d.o(.text)
    __aeabi_d2f                              0x00200c48   ARM Code      72  d2f.o(.text)
    __I$use$fp                               0x00200c90   ARM Code       0  iusefp.o(.text)
    _float_round                             0x00200c90   ARM Code      24  fepilogue.o(.text)
    _float_epilogue                          0x00200ca8   ARM Code     200  fepilogue.o(.text)
    _double_round                            0x00200d70   ARM Code      36  depilogue.o(.text)
    _double_epilogue                         0x00200d94   ARM Code     252  depilogue.o(.text)
    __scatterload                            0x00200e90   ARM Code      40  init.o(.text)
    __scatterload_rt2                        0x00200e90   ARM Code       0  init.o(.text)
    __aeabi_llsl                             0x00200ec0   ARM Code      40  llshl.o(.text)
    _ll_shift_l                              0x00200ec0   ARM Code       0  llshl.o(.text)
    __aeabi_llsr                             0x00200ee8   ARM Code      44  llushr.o(.text)
    _ll_ushift_r                             0x00200ee8   ARM Code       0  llushr.o(.text)
    __ARM_clz                                0x00200f14   ARM Code      68  depilogue.o(i.__ARM_clz)
    __scatterload_copy                       0x00200f58   ARM Code      28  handlers.o(i.__scatterload_copy)
    __scatterload_null                       0x00200f74   ARM Code       4  handlers.o(i.__scatterload_null)
    __scatterload_zeroinit                   0x00200f78   ARM Code      24  handlers.o(i.__scatterload_zeroinit)
    Region$$Table$$Base                      0x00200f90   Number         0  anon$$obj.o(Region$$Table)
    Region$$Table$$Limit                     0x00200fb0   Number         0  anon$$obj.o(Region$$Table)
    pPIOA                                    0x00208000   Data           4  lcd.o(.data)
    pPIOB                                    0x00208004   Data           4  lcd.o(.data)
    pSPI                                     0x00208008   Data           4  lcd.o(.data)
    pPMC                                     0x0020800c   Data           4  lcd.o(.data)
    pPDC                                     0x00208010   Data           4  lcd.o(.data)
    a_pADC                                   0x00208014   Data           4  main_code.o(.data)
    a_pPMC                                   0x00208018   Data           4  main_code.o(.data)
    czekaj                                   0x0020801c   Data           4  main_code.o(.data)
    t                                        0x00208020   Data           4  main_code.o(.data)
    i                                        0x00208024   Data           4  main_code.o(.data)
    dd                                       0x00208028   Data           4  main_code.o(.data)
    krot                                     0x0020802c   Data           4  main_code.o(.data)
    dlug                                     0x00208030   Data           4  main_code.o(.data)
    czek                                     0x00208034   Data           4  main_code.o(.data)
    U                                        0x0020803c   Data           4  main_code.o(.data)
    __initial_sp                             0x00208440   Data         136  sam7.o(STACK)



==============================================================================

Memory Map of the image

  Image Entry point : 0x00200148

  Load Region LR_IROM1 (Base: 0x00200000, Size: 0x00000ff0, Max: 0x00008000, ABSOLUTE)

    Execution Region ER_IROM1 (Base: 0x00200000, Size: 0x00000fb0, Max: 0x00008000, ABSOLUTE)

    Base Addr    Size         Type   Attr      Idx    E Section Name        Object

    0x00200000   0x00000148   Code   RO            3    RESET               sam7.o
    0x00200148   0x00000000   Code   RO          649  * .ARM.Collect$$$$00000000  mc_4.l(entry.o)
    0x00200148   0x00000004   Code   RO          666    .ARM.Collect$$$$00000001  mc_4.l(entry2.o)
    0x0020014c   0x00000004   Code   RO          668    .ARM.Collect$$$$00000004  mc_4.l(entry5.o)
    0x00200150   0x00000000   Code   RO          670    .ARM.Collect$$$$00000008  mc_4.l(entry7b.o)
    0x00200150   0x00000000   Code   RO          672    .ARM.Collect$$$$0000000A  mc_4.l(entry8b.o)
    0x00200150   0x0000000c   Code   RO          673    .ARM.Collect$$$$0000000B  mc_4.l(entry9a.o)
    0x0020015c   0x00000000   Code   RO          675    .ARM.Collect$$$$0000000D  mc_4.l(entry10a.o)
    0x0020015c   0x00000000   Code   RO          677    .ARM.Collect$$$$0000000F  mc_4.l(entry11a.o)
    0x0020015c   0x00000004   Code   RO          667    .ARM.Collect$$$$00002712  mc_4.l(entry2.o)
    0x00200160   0x00000060   Code   RO           24    .text               delay.o
    0x002001c0   0x000002b0   Code   RO           45    .text               lcd.o
    0x00200470   0x00000464   Code   RO          110    .text               main_code.o
    0x002008d4   0x00000020   Code   RO          597    .text               one_wire.o
    0x002008f4   0x0000008c   Code   RO          652    .text               mf_4.l(fmul.o)
    0x00200980   0x0000011c   Code   RO          654    .text               mf_4.l(dmul.o)
    0x00200a9c   0x00000124   Code   RO          656    .text               mf_4.l(ddiv.o)
    0x00200bc0   0x00000010   Code   RO          658    .text               mf_4.l(ffltui.o)
    0x00200bd0   0x00000040   Code   RO          660    .text               mf_4.l(ffixi.o)
    0x00200c10   0x00000038   Code   RO          662    .text               mf_4.l(f2d.o)
    0x00200c48   0x00000048   Code   RO          664    .text               mf_4.l(d2f.o)
    0x00200c90   0x00000000   Code   RO          679    .text               mc_4.l(iusefp.o)
    0x00200c90   0x000000e0   Code   RO          680    .text               mf_4.l(fepilogue.o)
    0x00200d70   0x00000120   Code   RO          682    .text               mf_4.l(depilogue.o)
    0x00200e90   0x00000030   Code   RO          686    .text               mc_4.l(init.o)
    0x00200ec0   0x00000028   Code   RO          688    .text               mc_4.l(llshl.o)
    0x00200ee8   0x0000002c   Code   RO          690    .text               mc_4.l(llushr.o)
    0x00200f14   0x00000044   Code   RO          684    i.__ARM_clz         mf_4.l(depilogue.o)
    0x00200f58   0x0000001c   Code   RO          694    i.__scatterload_copy  mc_4.l(handlers.o)
    0x00200f74   0x00000004   Code   RO          695    i.__scatterload_null  mc_4.l(handlers.o)
    0x00200f78   0x00000018   Code   RO          696    i.__scatterload_zeroinit  mc_4.l(handlers.o)
    0x00200f90   0x00000020   Data   RO          692    Region$$Table       anon$$obj.o


    Execution Region RW_IRAM1 (Base: 0x00208000, Size: 0x000004c8, Max: 0x00008000, ABSOLUTE)

    Base Addr    Size         Type   Attr      Idx    E Section Name        Object

    0x00208000   0x00000014   Data   RW           54    .data               lcd.o
    0x00208014   0x0000002c   Data   RW          178    .data               main_code.o
    0x00208040   0x00000488   Zero   RW            1    STACK               sam7.o


==============================================================================

Image component sizes


      Code (inc. data)   RO Data    RW Data    ZI Data      Debug   Object Name

        96          0          0          0          0       1040   delay.o
       688         28          0         20          0      73672   lcd.o
      1124         52          0         44          0      74104   main_code.o
        32          0          0          0          0        421   one_wire.o
         0          0          0          0          0       1444   retarget.o
       328         72          0          0       1160        372   sam7.o

    ----------------------------------------------------------------------
      2268        152         32         64       1160     151053   Object Totals
         0          0         32          0          0          0   (incl. Generated)
         0          0          0          0          0          0   (incl. Padding)

    ----------------------------------------------------------------------

      Code (inc. data)   RO Data    RW Data    ZI Data      Debug   Library Member Name

         0          0          0          0          0          0   entry.o
         0          0          0          0          0          0   entry10a.o
         0          0          0          0          0          0   entry11a.o
         8          4          0          0          0          0   entry2.o
         4          0          0          0          0          0   entry5.o
         0          0          0          0          0          0   entry7b.o
         0          0          0          0          0          0   entry8b.o
        12          4          0          0          0          0   entry9a.o
        56          0          0          0          0          0   handlers.o
        48          8          0          0          0         68   init.o
         0          0          0          0          0          0   iusefp.o
        40          0          0          0          0         68   llshl.o
        44          0          0          0          0         68   llushr.o
        72          0          0          0          0         68   d2f.o
       292          0          0          0          0        100   ddiv.o
       356          0          0          0          0        236   depilogue.o
       284          0          0          0          0         96   dmul.o
        56          0          0          0          0         68   f2d.o
       224          0          0          0          0        168   fepilogue.o
        64          0          0          0          0         68   ffixi.o
        16          0          0          0          0         68   ffltui.o
       140          0          0          0          0         68   fmul.o

    ----------------------------------------------------------------------
      1716         16          0          0          0       1144   Library Totals
         0          0          0          0          0          0   (incl. Padding)

    ----------------------------------------------------------------------

      Code (inc. data)   RO Data    RW Data    ZI Data      Debug   Library Name

       212         16          0          0          0        204   mc_4.l
      1504          0          0          0          0        940   mf_4.l

    ----------------------------------------------------------------------
      1716         16          0          0          0       1144   Library Totals

    ----------------------------------------------------------------------

==============================================================================


      Code (inc. data)   RO Data    RW Data    ZI Data      Debug   

      3984        168         32         64       1160     151469   Grand Totals
      3984        168         32         64       1160     151469   ELF Image Totals
      3984        168         32         64          0          0   ROM Totals

==============================================================================

    Total RO  Size (Code + RO Data)                 4016 (   3.92kB)
    Total RW  Size (RW Data + ZI Data)              1224 (   1.20kB)
    Total ROM Size (Code + RO Data + RW Data)       4080 (   3.98kB)

==============================================================================

