Rebuild target 'SAM7X Flash - ULINK'
assembling SAM7.s...
compiling Retarget.c...
compiling Blinky.c...
linking...
Program Size: Code=636 RO-data=16 RW-data=0 ZI-data=1160  
".\Flash\Blinky.axf" - 0 Errors, 0 Warning(s).
Full Chip Erase Done.
Load "Y:\\systemy wbudowane 2013_2014\\ARM-SAM7X-256_Example1-Blinky\\ARM-SAM7X-256_Example1-Blinky\\Flash\\Blinky.axf" 
Erase Done.
Programming Done.
Verify OK.
Load "Y:\\systemy wbudowane 2013_2014\\ARM-SAM7X-256_Example1-Blinky\\ARM-SAM7X-256_Example1-Blinky\\Flash\\Blinky.axf" 
Erase Done.
Programming Done.
Verify OK.
Rebuild target 'SAM7X Flash - ULINK'
assembling SAM7.s...
compiling Retarget.c...
compiling Blinky.c...
linking...
Program Size: Code=636 RO-data=16 RW-data=0 ZI-data=1160  
".\Flash\Blinky.axf" - 0 Errors, 0 Warning(s).
Full Chip Erase Done.
Load "Y:\\systemy wbudowane 2013_2014\\ARM-SAM7X-256Rebuild target 'SAM7X Flash - ULINK'
assembling SAM7.s...
compiling Retarget.c...
compiling Blinky.c...
linking...
Program Size: Code=612 RO-data=16 RW-data=0 ZI-data=1160  
".\Flash\Blinky.axf" - 0 Errors, 0 Warning(s).
Rebuild target 'SAM7X Flash - ULINK'
assembling SAM7.s...
compiling Retarget.c...
compiling Blinky.c...
linking...
Program Size: Code=636 RO-data=16 RW-data=0 ZI-data=1160  
".\Flash\Blinky.axf" - 0 Errors, 0 Warning(s).
Full Chip Erase Done.
Load "Y:\\systemy wbudowane 2013_2014\\ARM-SAM7X-256_Example1-Blinky\\ARM-SAM7X-256_Example1-Blinky\\Flash\\Blinky.axf" 
Erase Done.
Programming Done.
Verify OK.
Rebuild target 'SAM7X Flash - ULINK'
assembling SAM7.s...
compiling Retarget.c...
compiling Blinky.c...
linking...
Program Size: Code=636 RO-data=16 RW-data=0 ZI-data=1160  
".\Flash\Blinky.axf" - 0 Errors, 0 Warning(s).
Full Chip Erase Done.
Load "Y:\\systemy wbudowane 2013_2014\\ARM-SAM7X-256_Example1-Blinky\\ARM-SAM7X-256_Example1-Blinky\\Flash\\Blinky.axf" 
Erase Done.
Programming Done.
Verify OK.
.c...
linking...
Program Size: Code=636 RO-data=16 RW-data=0 ZI-data=1160  
".\Flash\Blinky.axf" - 0 Errors, 0 Warning(s).
Load "Y:\\systemy wbudowane 2013_2014\\ARM-SAM7X-256_Example1-Blinky\\ARM-SAM7X-256_Example1-Blinky\\Flash\\Blinky.axf" 
Erase Done.
Programming Done.
Verify OK.
Full Chip Erase Done.
Full Chip Erase Done.
Full Chip Erase Done.
Load "Y:\\systemy wbudowane 2013_2014\\ARM-SAM7X-256_Example1-Blinky\\ARM-SAM7X-256_Example1-Blinky\\Flash\\Blinky.axf" 
Erase Done.
Programming Done.
Verify OK.
Rebuild target 'SAM7X Flash - ULINK'
assembling SAM7.s...
compiling Retarget.c...
compiling Blinky.c...
linking...
Program Size: Code=636 RO-data=16 RW-data=0 ZI-data=1160  
".\Flash\Blinky.axf" - 0 Errors, 0 Warning(s).
Full Chip Erase Done.
Load "Y:\\systemy wbudowane 2013_2014\\ARM-SAM7X-256_Example1-Blinky\\ARM-SAM7X-256_Example1-Blinky\\Flash\\Blinky.axf" 
Erase Done.
Programming Done.
Verify OK.
Rebuild target 'SAM7X Flash - ULINK'
assembling SAM7.s...
compiling Retarget.c...
compiling Blinky.c...
linking...
Program Size: Code=636 RO-data=16 RW-data=0 ZI-data=1160  
".\Flash\Blinky.axf" - 0 Errors, 0 Warning(s).
Full Chip Erase Done.
Load "Y:\\systemy wbudowane 2013_2014\\ARM-SAM7X-256_Example1-Blinky\\ARM-SAM7X-256_Example1-Blinky\\Flash\\Blinky.axf" 
Erase Done.
Programming Done.
Verify OK.
Rebuild target 'SAM7X Flash - ULINK'
assembling SAM7.s...
compiling Retarget.c...
compiling Blinky.c...
linking...
Program Size: Code=636 RO-data=16 RW-data=0 ZI-data=1160  
".\Flash\Blinky.axf" - 0 Errors, 0 Warning(s).
Full Chip Erase Done.
Load "Y:\\systemy wbudowane 2013_2014\\ARM-SAM7X-256_Example1-Blinky\\ARM-SAM7X-256_Example1-Blinky\\Flash\\Blinky.axf" 
Erase Done.
Programming Done.
Verify OK.
Rebuild target 'SAM7X Flash - ULINK'
assembling SAM7.s...
compiling Retarget.c...
compiling Blinky.c...
linking...
Program Size: Code=636 RO-data=16 RW-data=0 ZI-data=1160  
".\Flash\Blinky.axf" - 0 Errors, 0 Warning(s).
Full Chip Erase Done.
Load "Y:\\systemy wbudowane 2013_2014\\ARM-SAM7X-256_Example1-Blinky\\ARM-SAM7X-256_Example1-Blinky\\Flash\\Blinky.axf" 
Erase Done.
Programming Done.
Verify OK.
Rebuild target 'SAM7X Flash - ULINK'
assembling SAM7.s...
compiling Retarget.c...
compiling Blinky.c...
linking...
Program Size: Code=636 RO-data=16 RW-data=0 ZI-data=1160  
".\Flash\Blinky.axf" - 0 Errors, 0 Warning(s).
Full Chip Erase Done.
Load "Y:\\systemy wbudowane 2013_2014\\ARM-SAM7X-256_Example1-Blinky\\ARM-SAM7X-256_Example1-Blinky\\Flash\\Blinky.axf" 
Erase Done.
Programming Done.
Verify OK.
Rebuild target 'SAM7X Flash - ULINK'
assembling SAM7.s...
compiling Retarget.c...
compiling Blinky.c...
linking...
Program Size: Code=636 RO-data=16 RW-data=0 ZI-data=1160  
".\Flash\Blinky.axf" - 0 Errors, 0 Warning(s).
Full Chip Erase Done.
Load "Y:\\systemy wbudowane 2013_2014\\ARM-SAM7X-256_Example1-Blinky\\ARM-SAM7X-256_Example1-Blinky\\Flash\\Blinky.axf" 
Erase Done.
Programming Done.
Verify OK.
Full Chip Erase Done.
