ARM Linker, 5.03 [Build 76] [MDK-ARM Lite]

==============================================================================

Section Cross References

    sam7.o(RESET) refers to sam7.o(STACK) for Stack_Top
    sam7.o(RESET) refers to entry.o(.ARM.Collect$$$$00000000) for __main
    lcd.o(.text) refers to delay.o(.text) for delay_ms
    lcd.o(.text) refers to lcd.o(.data) for .data
    lcd.o(.text) refers to lcd.o(.constdata) for .constdata
    lcd.o(.constdata) refers to lcd.o(.constdata) for FONT6x8
    lcd.o(.constdata) refers to lcd.o(.constdata) for FONT8x8
    lcd.o(.constdata) refers to lcd.o(.constdata) for FONT8x16
    blinky.o(.text) refers to lcd.o(.text) for InitSpi
    blinky.o(.text) refers to blinky.o(.data) for .data
    entry.o(.ARM.Collect$$$$00000000) refers (Special) to entry10a.o(.ARM.Collect$$$$0000000D) for __rt_final_cpp
    entry.o(.ARM.Collect$$$$00000000) refers (Special) to entry11a.o(.ARM.Collect$$$$0000000F) for __rt_final_exit
    entry.o(.ARM.Collect$$$$00000000) refers (Special) to entry7b.o(.ARM.Collect$$$$00000008) for _main_clock
    entry.o(.ARM.Collect$$$$00000000) refers (Special) to entry8b.o(.ARM.Collect$$$$0000000A) for _main_cpp_init
    entry.o(.ARM.Collect$$$$00000000) refers (Special) to entry9a.o(.ARM.Collect$$$$0000000B) for _main_init
    entry.o(.ARM.Collect$$$$00000000) refers (Special) to entry5.o(.ARM.Collect$$$$00000004) for _main_scatterload
    entry.o(.ARM.Collect$$$$00000000) refers (Special) to entry2.o(.ARM.Collect$$$$00000001) for _main_stk
    entry2.o(.ARM.Collect$$$$00000001) refers to entry2.o(.ARM.Collect$$$$00002712) for __lit__00000000
    entry2.o(.ARM.Collect$$$$00002712) refers to sam7.o(STACK) for __initial_sp
    entry5.o(.ARM.Collect$$$$00000004) refers to init.o(.text) for __scatterload
    entry9a.o(.ARM.Collect$$$$0000000B) refers to blinky.o(.text) for main
    entry9b.o(.ARM.Collect$$$$0000000C) refers to blinky.o(.text) for main
    init.o(.text) refers to init.o(i.__ARM_common_call_via_r3) for __ARM_common_call_via_r3
    init.o(.text) refers to entry5.o(.ARM.Collect$$$$00000004) for __main_after_scatterload


==============================================================================

Removing Unused input sections from the image.

    Removing sam7.o(HEAP), (0 bytes).
    Removing retarget.o(.text), (4 bytes).
    Removing lcd.o(.data), (4 bytes).

3 unused section(s) (total 8 bytes) removed from the image.

==============================================================================

Adding Veneers to the image

    Adding AT veneer (8 bytes, Inline) for call to '__scatterload' from entry5.o(.ARM.Collect$$$$00000004).
    Adding TA veneer (8 bytes, Short) for call to '__main_after_scatterload' from init.o(.text).

2 Veneer(s) (total 16 bytes) added to the image.

==============================================================================

Image Symbol Table

    Local Symbols

    Symbol Name                              Value     Ov Type        Size  Object(Section)

    ../clib/microlib/init/entry.s            0x00000000   Number         0  entry2.o ABSOLUTE
    ../clib/microlib/init/entry.s            0x00000000   Number         0  entry7b.o ABSOLUTE
    ../clib/microlib/init/entry.s            0x00000000   Number         0  entry.o ABSOLUTE
    ../clib/microlib/init/entry.s            0x00000000   Number         0  entry5.o ABSOLUTE
    ../clib/microlib/init/entry.s            0x00000000   Number         0  entry7a.o ABSOLUTE
    ../clib/microlib/init/entry.s            0x00000000   Number         0  entry11b.o ABSOLUTE
    ../clib/microlib/init/entry.s            0x00000000   Number         0  entry11a.o ABSOLUTE
    ../clib/microlib/init/entry.s            0x00000000   Number         0  entry10b.o ABSOLUTE
    ../clib/microlib/init/entry.s            0x00000000   Number         0  entry10a.o ABSOLUTE
    ../clib/microlib/init/entry.s            0x00000000   Number         0  entry9b.o ABSOLUTE
    ../clib/microlib/init/entry.s            0x00000000   Number         0  entry9a.o ABSOLUTE
    ../clib/microlib/init/entry.s            0x00000000   Number         0  entry8b.o ABSOLUTE
    ../clib/microlib/init/entry.s            0x00000000   Number         0  entry8a.o ABSOLUTE
    ../clib/microlib/stubs.s                 0x00000000   Number         0  useno.o ABSOLUTE
    Blinky.c                                 0x00000000   Number         0  blinky.o ABSOLUTE
    Retarget.c                               0x00000000   Number         0  retarget.o ABSOLUTE
    SAM7.s                                   0x00000000   Number         0  sam7.o ABSOLUTE
    dc.s                                     0x00000000   Number         0  dc.o ABSOLUTE
    delay.c                                  0x00000000   Number         0  delay.o ABSOLUTE
    handlers.s                               0x00000000   Number         0  handlers.o ABSOLUTE
    init.s                                   0x00000000   Number         0  init.o ABSOLUTE
    lcd.c                                    0x00000000   Number         0  lcd.o ABSOLUTE
    RESET                                    0x00100000   Section      328  sam7.o(RESET)
    Undef_Handler                            0x00100040   ARM Code       4  sam7.o(RESET)
    SWI_Handler                              0x00100044   ARM Code       4  sam7.o(RESET)
    PAbt_Handler                             0x00100048   ARM Code       4  sam7.o(RESET)
    DAbt_Handler                             0x0010004c   ARM Code       4  sam7.o(RESET)
    IRQ_Handler                              0x00100050   ARM Code       4  sam7.o(RESET)
    FIQ_Handler                              0x00100054   ARM Code       4  sam7.o(RESET)
    .ARM.Collect$$$$00000000                 0x00100148   Section        0  entry.o(.ARM.Collect$$$$00000000)
    .ARM.Collect$$$$00000001                 0x00100148   Section        4  entry2.o(.ARM.Collect$$$$00000001)
    .ARM.Collect$$$$00000004                 0x0010014c   Section        4  entry5.o(.ARM.Collect$$$$00000004)
    .ARM.Collect$$$$00000008                 0x00100150   Section        0  entry7b.o(.ARM.Collect$$$$00000008)
    .ARM.Collect$$$$0000000A                 0x00100150   Section        0  entry8b.o(.ARM.Collect$$$$0000000A)
    .ARM.Collect$$$$0000000B                 0x00100150   Section       12  entry9a.o(.ARM.Collect$$$$0000000B)
    .ARM.Collect$$$$0000000D                 0x0010015c   Section        0  entry10a.o(.ARM.Collect$$$$0000000D)
    .ARM.Collect$$$$0000000F                 0x0010015c   Section        0  entry11a.o(.ARM.Collect$$$$0000000F)
    .ARM.Collect$$$$00002712                 0x0010015c   Section        4  entry2.o(.ARM.Collect$$$$00002712)
    __lit__00000000                          0x0010015c   Data           4  entry2.o(.ARM.Collect$$$$00002712)
    .text                                    0x00100160   Section        0  delay.o(.text)
    .text                                    0x001001e0   Section        0  lcd.o(.text)
    .text                                    0x00100978   Section        0  blinky.o(.text)
    .text                                    0x00100cec   Section       32  init.o(.text)
    i.__ARM_common_call_via_r3               0x00100d14   Section        2  init.o(i.__ARM_common_call_via_r3)
    i.__scatterload_copy                     0x00100d18   Section       28  handlers.o(i.__scatterload_copy)
    i.__scatterload_null                     0x00100d34   Section        4  handlers.o(i.__scatterload_null)
    i.__scatterload_zeroinit                 0x00100d38   Section       24  handlers.o(i.__scatterload_zeroinit)
    .constdata                               0x00100d50   Section      776  lcd.o(.constdata)
    .constdata                               0x00101058   Section      776  lcd.o(.constdata)
    .constdata                               0x00101360   Section     1552  lcd.o(.constdata)
    .constdata                               0x00101970   Section       12  lcd.o(.constdata)
    .data                                    0x00200000   Section       16  lcd.o(.data)
    .data                                    0x00200010   Section      188  blinky.o(.data)
    STACK                                    0x002000d0   Section     1160  sam7.o(STACK)
    Stack_Top                                0x00200558   Data           0  sam7.o(STACK)

    Global Symbols

    Symbol Name                              Value     Ov Type        Size  Object(Section)

    BuildAttributes$$THM_ISAv1$ARM_ISAv4$S$PE$A:L22$X:L11$S22$IEEE1$IW$USESV6$~STKCKD$USESV7$~SHL$OSPACE$EBA8$MICROLIB$REQ8$PRES8$EABIv2 0x00000000   Number         0  anon$$obj.o ABSOLUTE
    __ARM_use_no_argv                        0x00000000   Number         0  blinky.o ABSOLUTE
    __use_no_errno                           0x00000000   Number         0  useno.o ABSOLUTE
    __use_no_exception_handling              0x00000000   Number         0  useno.o ABSOLUTE
    __use_no_fp                              0x00000000   Number         0  useno.o ABSOLUTE
    __use_no_heap                            0x00000000   Number         0  useno.o ABSOLUTE
    __use_no_heap_region                     0x00000000   Number         0  useno.o ABSOLUTE
    __use_no_semihosting                     0x00000000   Number         0  useno.o ABSOLUTE
    __use_no_semihosting_swi                 0x00000000   Number         0  useno.o ABSOLUTE
    __use_no_signal_handling                 0x00000000   Number         0  useno.o ABSOLUTE
    __cpp_initialize__aeabi_                  - Undefined Weak Reference
    __cxa_finalize                            - Undefined Weak Reference
    __decompress                              - Undefined Weak Reference
    _clock_init                               - Undefined Weak Reference
    _microlib_exit                            - Undefined Weak Reference
    Reset_Handler                            0x00100058   ARM Code       0  sam7.o(RESET)
    __main                                   0x00100148   ARM Code       0  entry.o(.ARM.Collect$$$$00000000)
    _main_stk                                0x00100148   ARM Code       0  entry2.o(.ARM.Collect$$$$00000001)
    _main_scatterload                        0x0010014c   ARM Code       0  entry5.o(.ARM.Collect$$$$00000004)
    __main_after_scatterload                 0x00100150   ARM Code       0  entry5.o(.ARM.Collect$$$$00000004)
    _main_clock                              0x00100150   ARM Code       0  entry7b.o(.ARM.Collect$$$$00000008)
    _main_cpp_init                           0x00100150   ARM Code       0  entry8b.o(.ARM.Collect$$$$0000000A)
    _main_init                               0x00100150   ARM Code       0  entry9a.o(.ARM.Collect$$$$0000000B)
    __rt_final_cpp                           0x0010015c   ARM Code       0  entry10a.o(.ARM.Collect$$$$0000000D)
    __rt_final_exit                          0x0010015c   ARM Code       0  entry11a.o(.ARM.Collect$$$$0000000F)
    delay_us                                 0x00100160   ARM Code      40  delay.o(.text)
    delay_ms                                 0x00100188   ARM Code      44  delay.o(.text)
    delay_s                                  0x001001b4   ARM Code      44  delay.o(.text)
    InitSpi                                  0x001001e0   ARM Code     160  lcd.o(.text)
    WriteSpiCommand                          0x00100280   ARM Code      52  lcd.o(.text)
    WriteSpiData                             0x001002b4   ARM Code      52  lcd.o(.text)
    Backlight                                0x001002e8   ARM Code      28  lcd.o(.text)
    InitLcd                                  0x00100304   ARM Code     208  lcd.o(.text)
    LCDClearScreen                           0x001003d4   ARM Code     112  lcd.o(.text)
    LCDSetPixel                              0x00100444   ARM Code     112  lcd.o(.text)
    LCDSetLine                               0x001004b4   ARM Code     204  lcd.o(.text)
    LCDSetRect                               0x00100580   ARM Code     320  lcd.o(.text)
    LCDSetCircle                             0x001006c0   ARM Code     316  lcd.o(.text)
    LCDPutChar                               0x001007fc   ARM Code     260  lcd.o(.text)
    LCDPutStr                                0x00100900   ARM Code     100  lcd.o(.text)
    delay_1ms                                0x00100978   ARM Code      24  blinky.o(.text)
    delay                                    0x00100990   ARM Code      40  blinky.o(.text)
    main                                     0x001009b8   ARM Code     796  blinky.o(.text)
    Inline ARM to Thumb Veneer to __scatterload 0x00100ce4   ARM Code       8  init.o(.text)
    __scatterload                            0x00100ced   Thumb Code    24  init.o(.text)
    __scatterload_rt2                        0x00100ced   Thumb Code     0  init.o(.text)
    Short Thumb to ARM Veneer to __main_after_scatterload 0x00100d0d   Thumb Code     8  anon$$obj.o(Veneer$$Code)
    __ARM_common_call_via_r3                 0x00100d15   Thumb Code     2  init.o(i.__ARM_common_call_via_r3)
    __scatterload_copy                       0x00100d18   ARM Code      28  handlers.o(i.__scatterload_copy)
    __scatterload_null                       0x00100d34   ARM Code       4  handlers.o(i.__scatterload_null)
    __scatterload_zeroinit                   0x00100d38   ARM Code      24  handlers.o(i.__scatterload_zeroinit)
    FONT6x8                                  0x00100d50   Data         776  lcd.o(.constdata)
    FONT8x8                                  0x00101058   Data         776  lcd.o(.constdata)
    FONT8x16                                 0x00101360   Data        1552  lcd.o(.constdata)
    Region$$Table$$Base                      0x0010197c   Number         0  anon$$obj.o(Region$$Table)
    Region$$Table$$Limit                     0x0010199c   Number         0  anon$$obj.o(Region$$Table)
    pPIOA                                    0x00200000   Data           4  lcd.o(.data)
    pPIOB                                    0x00200004   Data           4  lcd.o(.data)
    pSPI                                     0x00200008   Data           4  lcd.o(.data)
    pPMC                                     0x0020000c   Data           4  lcd.o(.data)
    x                                        0x00200010   Data           4  blinky.o(.data)
    y                                        0x00200014   Data           4  blinky.o(.data)
    t                                        0x00200018   Data           4  blinky.o(.data)
    ts                                       0x0020001c   Data           4  blinky.o(.data)
    tm                                       0x00200020   Data           4  blinky.o(.data)
    s1                                       0x00200024   Data           4  blinky.o(.data)
    s2                                       0x00200028   Data           4  blinky.o(.data)
    m1                                       0x0020002c   Data           4  blinky.o(.data)
    m2                                       0x00200030   Data           4  blinky.o(.data)
    h1                                       0x00200034   Data           4  blinky.o(.data)
    h2                                       0x00200038   Data           4  blinky.o(.data)
    mm1                                      0x0020003c   Data           4  blinky.o(.data)
    mm2                                      0x00200040   Data           4  blinky.o(.data)
    ss1                                      0x00200044   Data           4  blinky.o(.data)
    ss2                                      0x00200048   Data           4  blinky.o(.data)
    hh1                                      0x0020004c   Data           4  blinky.o(.data)
    hh2                                      0x00200050   Data           4  blinky.o(.data)
    sek                                      0x00200054   Data           4  blinky.o(.data)
    tX                                       0x00200058   Data         116  blinky.o(.data)
    __initial_sp                             0x002004d0   Data         136  sam7.o(STACK)



==============================================================================

Memory Map of the image

  Image Entry point : 0x00100148

  Load Region LR_IROM1 (Base: 0x00100000, Size: 0x00001a68, Max: 0x00040000, ABSOLUTE)

    Execution Region ER_IROM1 (Base: 0x00100000, Size: 0x0000199c, Max: 0x00040000, ABSOLUTE)

    Base Addr    Size         Type   Attr      Idx    E Section Name        Object

    0x00100000   0x00000148   Code   RO            3    RESET               sam7.o
    0x00100148   0x00000000   Code   RO           86  * .ARM.Collect$$$$00000000  mc_t.l(entry.o)
    0x00100148   0x00000004   Code   RO           89    .ARM.Collect$$$$00000001  mc_t.l(entry2.o)
    0x0010014c   0x00000004   Code   RO           91    .ARM.Collect$$$$00000004  mc_t.l(entry5.o)
    0x00100150   0x00000000   Code   RO           93    .ARM.Collect$$$$00000008  mc_t.l(entry7b.o)
    0x00100150   0x00000000   Code   RO           95    .ARM.Collect$$$$0000000A  mc_t.l(entry8b.o)
    0x00100150   0x0000000c   Code   RO           96    .ARM.Collect$$$$0000000B  mc_t.l(entry9a.o)
    0x0010015c   0x00000000   Code   RO           98    .ARM.Collect$$$$0000000D  mc_t.l(entry10a.o)
    0x0010015c   0x00000000   Code   RO          100    .ARM.Collect$$$$0000000F  mc_t.l(entry11a.o)
    0x0010015c   0x00000004   Code   RO           90    .ARM.Collect$$$$00002712  mc_t.l(entry2.o)
    0x00100160   0x00000080   Code   RO           24    .text               delay.o
    0x001001e0   0x00000798   Code   RO           40    .text               lcd.o
    0x00100978   0x0000036c   Code   RO           67    .text               blinky.o
    0x00100ce4   0x00000008   Ven    RO          102    .text               mc_t.l(init.o)
    0x00100cec   0x00000020   Code   RO          102    .text               mc_t.l(init.o)
    0x00100d0c   0x00000008   Ven    RO          115    Veneer$$Code        anon$$obj.o
    0x00100d14   0x00000002   Code   RO          104    i.__ARM_common_call_via_r3  mc_t.l(init.o)
    0x00100d16   0x00000002   PAD
    0x00100d18   0x0000001c   Code   RO          108    i.__scatterload_copy  mc_t.l(handlers.o)
    0x00100d34   0x00000004   Code   RO          109    i.__scatterload_null  mc_t.l(handlers.o)
    0x00100d38   0x00000018   Code   RO          110    i.__scatterload_zeroinit  mc_t.l(handlers.o)
    0x00100d50   0x00000308   Data   RO           41    .constdata          lcd.o
    0x00101058   0x00000308   Data   RO           42    .constdata          lcd.o
    0x00101360   0x00000610   Data   RO           43    .constdata          lcd.o
    0x00101970   0x0000000c   Data   RO           44    .constdata          lcd.o
    0x0010197c   0x00000020   Data   RO          106    Region$$Table       anon$$obj.o


    Execution Region RW_IRAM1 (Base: 0x00200000, Size: 0x00000558, Max: 0x00010000, ABSOLUTE)

    Base Addr    Size         Type   Attr      Idx    E Section Name        Object

    0x00200000   0x00000010   Data   RW           45    .data               lcd.o
    0x00200010   0x000000bc   Data   RW           68    .data               blinky.o
    0x002000cc   0x00000004   PAD
    0x002000d0   0x00000488   Zero   RW            1    STACK               sam7.o


==============================================================================

Image component sizes


      Code (inc. data)   RO Data    RW Data    ZI Data      Debug   Object Name

       876         16          0        188          0       2856   blinky.o
       128          0          0          0          0       1190   delay.o
      1944         20       3116         16          0      76112   lcd.o
         0          0          0          0          0       1444   retarget.o
       328         72          0          0       1160        340   sam7.o

    ----------------------------------------------------------------------
      3284        108       3148        204       1164      81942   Object Totals
         8          0         32          0          0          0   (incl. Generated)
         0          0          0          0          4          0   (incl. Padding)

    ----------------------------------------------------------------------

      Code (inc. data)   RO Data    RW Data    ZI Data      Debug   Library Member Name

         0          0          0          0          0          0   entry.o
         0          0          0          0          0          0   entry10a.o
         0          0          0          0          0          0   entry11a.o
         8          4          0          0          0          0   entry2.o
         4          0          0          0          0          0   entry5.o
         0          0          0          0          0          0   entry7b.o
         0          0          0          0          0          0   entry8b.o
        12          4          0          0          0          0   entry9a.o
        56          0          0          0          0          0   handlers.o
        42          8          0          0          0        136   init.o

    ----------------------------------------------------------------------
       124         16          0          0          0        136   Library Totals
         2          0          0          0          0          0   (incl. Padding)

    ----------------------------------------------------------------------

      Code (inc. data)   RO Data    RW Data    ZI Data      Debug   Library Name

       122         16          0          0          0        136   mc_t.l

    ----------------------------------------------------------------------
       124         16          0          0          0        136   Library Totals

    ----------------------------------------------------------------------

==============================================================================


      Code (inc. data)   RO Data    RW Data    ZI Data      Debug   

      3408        124       3148        204       1164      81766   Grand Totals
      3408        124       3148        204       1164      81766   ELF Image Totals
      3408        124       3148        204          0          0   ROM Totals

==============================================================================

    Total RO  Size (Code + RO Data)                 6556 (   6.40kB)
    Total RW  Size (RW Data + ZI Data)              1368 (   1.34kB)
    Total ROM Size (Code + RO Data + RW Data)       6760 (   6.60kB)

==============================================================================

