<html>
<body>
<pre>
<h1>µVision Build Log</h1>
<h2>Project:</h2>
E:\Dane\Doc\Dydaktyka\dydaktyka svn\Informatyka\Systemy wbudowane\przyklady w C\ARM-SAM7X-256_Example5 - IRQ\PROJECT_ARM.uvproj
Project File Date:  11/01/2013

<h2>Output:</h2>
Build target 'Simulator'
assembling SAM7.s...
compiling Retarget.c...
compiling delay.c...
compiling lcd.c...
compiling main_code.c...
compiling adc.c...
adc.c(27): warning: C4017W: result may be used before being set
  unsigned int result;
adc.c: 1 warning, 0 errors
linking...
Program Size: Code=5294 RO-data=3150 RW-data=32 ZI-data=1264  
".\Flash\PROJECT_ARM.axf" - 0 Error(s), 1 Warning(s).
