<html>
<body>
<pre>
<h1>µVision Build Log</h1>
<h2>Project:</h2>
D:\Studia\zadania i wyk³ady\Systemy wbudowane\Keil programy\ARM-SAM7X-256_Example1-Blinky\Blinky.uvproj
Project File Date:  10/03/2013

<h2>Output:</h2>
compiling Blinky.c...
"Blinky.c" - 0 Errors, 0 Warning(s).
Build target 'Simulator'
linking...
Program Size: Code=656 RO-data=16 RW-data=0 ZI-data=1160  
".\Flash\Blinky.axf" - 0 Errors, 0 Warning(s).
Rebuild target 'Simulator'
assembling SAM7.s...
compiling Retarget.c...
compiling Blinky.c...
linking...
Program Size: Code=656 RO-data=16 RW-data=0 ZI-data=1160  
".\Flash\Blinky.axf" - 0 Errors, 0 Warning(s).
compiling Blinky.c...
"Blinky.c" - 0 Errors, 0 Warning(s).
Build target 'Simulator'
linking...
Program Size: Code=656 RO-data=16 RW-data=0 ZI-data=1160  
".\Flash\Blinky.axf" - 0 Errors, 0 Warning(s).
Rebuild target 'Simulator'
assembling SAM7.s...
compiling Retarget.c...
compiling Blinky.c...
linking...
Program Size: Code=656 RO-data=16 RW-data=0 ZI-data=1160  
".\Flash\Blinky.axf" - 0 Errors, 0 Warning(s).
compiling Blinky.c...
"Blinky.c" - 0 Errors, 0 Warning(s).
Build target 'Simulator'
linking...
Program Size: Code=568 RO-data=16 RW-data=0 ZI-data=1160  
".\Flash\Blinky.axf" - 0 Errors, 0 Warning(s).
Rebuild target 'Simulator'
assembling SAM7.s...
compiling Retarget.c...
compiling Blinky.c...
linking...
Program Size: Code=568 RO-data=16 RW-data=0 ZI-data=1160  
".\Flash\Blinky.axf" - 0 Errors, 0 Warning(s).
compiling Blinky.c...
"Blinky.c" - 0 Errors, 0 Warning(s).
Build target 'Simulator'
linking...
Program Size: Code=568 RO-data=16 RW-data=0 ZI-data=1160  
".\Flash\Blinky.axf" - 0 Errors, 0 Warning(s).
Rebuild target 'Simulator'
assembling SAM7.s...
compiling Retarget.c...
compiling Blinky.c...
linking...
Program Size: Code=568 RO-data=16 RW-data=0 ZI-data=1160  
".\Flash\Blinky.axf" - 0 Errors, 0 Warning(s).
compiling Blinky.c...
"Blinky.c" - 0 Errors, 0 Warning(s).
Build target 'Simulator'
linking...
Program Size: Code=656 RO-data=16 RW-data=0 ZI-data=1160  
".\Flash\Blinky.axf" - 0 Errors, 0 Warning(s).
Rebuild target 'Simulator'
assembling SAM7.s...
compiling Retarget.c...
compiling Blinky.c...
linking...
Program Size: Code=656 RO-data=16 RW-data=0 ZI-data=1160  
".\Flash\Blinky.axf" - 0 Errors, 0 Warning(s).
compiling Blinky.c...
"Blinky.c" - 0 Errors, 0 Warning(s).
Build target 'Simulator'
linking...
Program Size: Code=568 RO-data=16 RW-data=0 ZI-data=1160  
".\Flash\Blinky.axf" - 0 Errors, 0 Warning(s).
Rebuild target 'Simulator'
assembling SAM7.s...
compiling Retarget.c...
compiling Blinky.c...
linking...
Program Size: Code=568 RO-data=16 RW-data=0 ZI-data=1160  
".\Flash\Blinky.axf" - 0 Errors, 0 Warning(s).
compiling Blinky.c...
"Blinky.c" - 0 Errors, 0 Warning(s).
Build target 'Simulator'
linking...
Program Size: Code=616 RO-data=16 RW-data=0 ZI-data=1160  
".\Flash\Blinky.axf" - 0 Errors, 0 Warning(s).
Rebuild target 'Simulator'
assembling SAM7.s...
compiling Retarget.c...
compiling Blinky.c...
linking...
Program Size: Code=616 RO-data=16 RW-data=0 ZI-data=1160  
".\Flash\Blinky.axf" - 0 Errors, 0 Warning(s).
compiling Blinky.c...
"Blinky.c" - 0 Errors, 0 Warning(s).
Build target 'Simulator'
linking...
Program Size: Code=568 RO-data=16 RW-data=0 ZI-data=1160  
".\Flash\Blinky.axf" - 0 Errors, 0 Warning(s).
Rebuild target 'Simulator'
assembling SAM7.s...
compiling Retarget.c...
compiling Blinky.c...
linking...
Program Size: Code=568 RO-data=16 RW-data=0 ZI-data=1160  
".\Flash\Blinky.axf" - 0 Errors, 0 Warning(s).
compiling Blinky.c...
"Blinky.c" - 0 Errors, 0 Warning(s).
Build target 'Simulator'
linking...
Program Size: Code=668 RO-data=16 RW-data=0 ZI-data=1160  
".\Flash\Blinky.axf" - 0 Errors, 0 Warning(s).
Rebuild target 'Simulator'
assembling SAM7.s...
compiling Retarget.c...
compiling Blinky.c...
linking...
Program Size: Code=668 RO-data=16 RW-data=0 ZI-data=1160  
".\Flash\Blinky.axf" - 0 Errors, 0 Warning(s).
compiling Blinky.c...
"Blinky.c" - 0 Errors, 0 Warning(s).
Build target 'Simulator'
linking...
Program Size: Code=688 RO-data=16 RW-data=0 ZI-data=1160  
".\Flash\Blinky.axf" - 0 Errors, 0 Warning(s).
Rebuild target 'Simulator'
assembling SAM7.s...
compiling Retarget.c...
compiling Blinky.c...
linking...
Program Size: Code=688 RO-data=16 RW-data=0 ZI-data=1160  
".\Flash\Blinky.axf" - 0 Errors, 0 Warning(s).
