<html>
<body>
<pre>
<h1>µVision Build Log</h1>
<h2>Project:</h2>
C:\Users\stud-sw-d\Desktop\ARM-SAM7X-256_Example8 - 1-wire DS18B20 lab 5 system przeciw po¿arowy\PROJECT_ARM.uvproj
Project File Date:  11/13/2013

<h2>Output:</h2>
Rebuild target 'Simulator'
assembling SAM7.s...
compiling Retarget.c...
compiling delay.c...
compiling lcd.c...
lcd.c(154): warning:  #61-D: integer operation result is out of range
lcd.c(165): warning:  #61-D: integer operation result is out of range
compiling main_code.c...
main_code.c(97): warning:  #1-D: last line of file ends without a newline
main_code.c(48): warning:  #177-D: variable "ye" was declared but never referenced
adc.c(27): warning: C4017W: result may be used before being set
compiling ds18b20.c...
compiling one_wire.c...
linking...
Program Size: Code=8118 RO-data=3150 RW-data=36 ZI-data=1164  
".\Flash\PROJECT_ARM.axf" - 0 Errors, 5 Warning(s).
Full Chip Erase Done.
Load "C:\\Users\\stud-sw-d\\Desktop\\ARM-SAM7X-256_Example8 - 1-wire DS18B20 lab 5 system przeciw po¿arowy\\Flash\\PROJECT_ARM.axf" 
Programming Done.
Verify OK.
Load "C:\\Users\\stud-sw-d\\Desktop\\ARM-SAM7X-256_Example8 - 1-wire DS18B20 lab 5 system przeciw po¿arowy\\Flash\\PROJECT_ARM.axf" 
Programming Done.
Verify OK.
