ARM Linker, 5.03 [Build 76] [MDK-ARM Lite]

==============================================================================

Section Cross References

    sam7.o(RESET) refers to sam7.o(STACK) for Stack_Top
    sam7.o(RESET) refers to entry.o(.ARM.Collect$$$$00000000) for __main
    delay.o(.text) refers to delay.o(.text) for delay_ms
    lcd.o(.text) refers to delay.o(.text) for delay_ms
    lcd.o(.text) refers to lcd.o(.data) for pPIOB
    lcd.o(.text) refers to lcd.o(.constdata) for .constdata
    lcd.o(.text) refers to lcd.o(.data) for pPIOB
    lcd.o(.text) refers to lcd.o(.text) for WriteSpiCommand
    lcd.o(.text) refers to lcd.o(.text) for LCDSetPixel
    lcd.o(.text) refers to lcd.o(.text) for WriteSpiCommand
    lcd.o(.text) refers to lcd.o(.text) for LCDSetLine
    lcd.o(.text) refers to lcd.o(.text) for LCDSetPixel
    main_code.o(.text) refers to main_code.o(.data) for zmienna_2
    main_code.o(.text) refers to main_code.o(i.AT91F_AIC_AcknowledgeIt) for AT91F_AIC_AcknowledgeIt
    main_code.o(.text) refers to main_code.o(.data) for status_IRQ
    main_code.o(.text) refers to main_code.o(i.AT91F_AIC_AcknowledgeIt) for AT91F_AIC_AcknowledgeIt
    main_code.o(.text) refers to main_code.o(.data) for status_IRQ
    main_code.o(.text) refers to lcd.o(.text) for InitSpi
    main_code.o(.text) refers to main_code.o(i.AT91F_AIC_ConfigureIt) for AT91F_AIC_ConfigureIt
    main_code.o(.text) refers to main_code.o(i.AT91F_AIC_AcknowledgeIt) for AT91F_AIC_AcknowledgeIt
    main_code.o(.text) refers to main_code.o(i.AT91F_AIC_EnableIt) for AT91F_AIC_EnableIt
    main_code.o(.text) refers to printfa.o(i.__0sprintf) for __2sprintf
    main_code.o(.text) refers to dflti.o(.text) for __aeabi_i2d
    main_code.o(.text) refers to dmul.o(.text) for __aeabi_dmul
    main_code.o(.text) refers to main_code.o(.data) for zmienna_1
    main_code.o(.text) refers to main_code.o(.text) for pioIsr
    main_code.o(.text) refers to main_code.o(.text) for pioIsr2
    main_code.o(.text) refers to main_code.o(.text) for tim0_isr
    main_code.o(.text) refers to main_code.o(.bss) for ciag
    entry.o(.ARM.Collect$$$$00000000) refers (Special) to entry10a.o(.ARM.Collect$$$$0000000D) for __rt_final_cpp
    entry.o(.ARM.Collect$$$$00000000) refers (Special) to entry11a.o(.ARM.Collect$$$$0000000F) for __rt_final_exit
    entry.o(.ARM.Collect$$$$00000000) refers (Special) to entry7b.o(.ARM.Collect$$$$00000008) for _main_clock
    entry.o(.ARM.Collect$$$$00000000) refers (Special) to entry8b.o(.ARM.Collect$$$$0000000A) for _main_cpp_init
    entry.o(.ARM.Collect$$$$00000000) refers (Special) to entry9a.o(.ARM.Collect$$$$0000000B) for _main_init
    entry.o(.ARM.Collect$$$$00000000) refers (Special) to entry5.o(.ARM.Collect$$$$00000004) for _main_scatterload
    entry.o(.ARM.Collect$$$$00000000) refers (Special) to entry2.o(.ARM.Collect$$$$00000001) for _main_stk
    printfb.o(i.__0fprintf$bare) refers to printfb.o(i._printf_core) for _printf_core
    printfb.o(i.__0fprintf$bare) refers to fputc.o(i.fputc) for fputc
    printfb.o(i.__0printf$bare) refers to printfb.o(i._printf_core) for _printf_core
    printfb.o(i.__0printf$bare) refers to fputc.o(i.fputc) for fputc
    printfb.o(i.__0printf$bare) refers to stdout.o(.data) for __stdout
    printfb.o(i.__0snprintf$bare) refers to printfb.o(i._printf_core) for _printf_core
    printfb.o(i.__0snprintf$bare) refers to printfb.o(i._snputc) for _snputc
    printfb.o(i.__0sprintf$bare) refers to printfb.o(i._printf_core) for _printf_core
    printfb.o(i.__0sprintf$bare) refers to printfb.o(i._sputc) for _sputc
    printfb.o(i.__0vfprintf$bare) refers to printfb.o(i._printf_core) for _printf_core
    printfb.o(i.__0vfprintf$bare) refers to fputc.o(i.fputc) for fputc
    printfb.o(i.__0vprintf$bare) refers to printfb.o(i._printf_core) for _printf_core
    printfb.o(i.__0vprintf$bare) refers to fputc.o(i.fputc) for fputc
    printfb.o(i.__0vprintf$bare) refers to stdout.o(.data) for __stdout
    printfb.o(i.__0vsnprintf$bare) refers to printfb.o(i._printf_core) for _printf_core
    printfb.o(i.__0vsnprintf$bare) refers to printfb.o(i._snputc) for _snputc
    printfb.o(i.__0vsprintf$bare) refers to printfb.o(i._printf_core) for _printf_core
    printfb.o(i.__0vsprintf$bare) refers to printfb.o(i._sputc) for _sputc
    printf0.o(i.__0fprintf$0) refers to printf0.o(i._printf_core) for _printf_core
    printf0.o(i.__0fprintf$0) refers to fputc.o(i.fputc) for fputc
    printf0.o(i.__0printf$0) refers to printf0.o(i._printf_core) for _printf_core
    printf0.o(i.__0printf$0) refers to fputc.o(i.fputc) for fputc
    printf0.o(i.__0printf$0) refers to stdout.o(.data) for __stdout
    printf0.o(i.__0snprintf$0) refers to printf0.o(i._printf_core) for _printf_core
    printf0.o(i.__0snprintf$0) refers to printf0.o(i._snputc) for _snputc
    printf0.o(i.__0sprintf$0) refers to printf0.o(i._printf_core) for _printf_core
    printf0.o(i.__0sprintf$0) refers to printf0.o(i._sputc) for _sputc
    printf0.o(i.__0vfprintf$0) refers to printf0.o(i._printf_core) for _printf_core
    printf0.o(i.__0vfprintf$0) refers to fputc.o(i.fputc) for fputc
    printf0.o(i.__0vprintf$0) refers to printf0.o(i._printf_core) for _printf_core
    printf0.o(i.__0vprintf$0) refers to fputc.o(i.fputc) for fputc
    printf0.o(i.__0vprintf$0) refers to stdout.o(.data) for __stdout
    printf0.o(i.__0vsnprintf$0) refers to printf0.o(i._printf_core) for _printf_core
    printf0.o(i.__0vsnprintf$0) refers to printf0.o(i._snputc) for _snputc
    printf0.o(i.__0vsprintf$0) refers to printf0.o(i._printf_core) for _printf_core
    printf0.o(i.__0vsprintf$0) refers to printf0.o(i._sputc) for _sputc
    printf1.o(i.__0fprintf$1) refers to printf1.o(i._printf_core) for _printf_core
    printf1.o(i.__0fprintf$1) refers to fputc.o(i.fputc) for fputc
    printf1.o(i.__0printf$1) refers to printf1.o(i._printf_core) for _printf_core
    printf1.o(i.__0printf$1) refers to fputc.o(i.fputc) for fputc
    printf1.o(i.__0printf$1) refers to stdout.o(.data) for __stdout
    printf1.o(i.__0snprintf$1) refers to printf1.o(i._printf_core) for _printf_core
    printf1.o(i.__0snprintf$1) refers to printf1.o(i._snputc) for _snputc
    printf1.o(i.__0sprintf$1) refers to printf1.o(i._printf_core) for _printf_core
    printf1.o(i.__0sprintf$1) refers to printf1.o(i._sputc) for _sputc
    printf1.o(i.__0vfprintf$1) refers to printf1.o(i._printf_core) for _printf_core
    printf1.o(i.__0vfprintf$1) refers to fputc.o(i.fputc) for fputc
    printf1.o(i.__0vprintf$1) refers to printf1.o(i._printf_core) for _printf_core
    printf1.o(i.__0vprintf$1) refers to fputc.o(i.fputc) for fputc
    printf1.o(i.__0vprintf$1) refers to stdout.o(.data) for __stdout
    printf1.o(i.__0vsnprintf$1) refers to printf1.o(i._printf_core) for _printf_core
    printf1.o(i.__0vsnprintf$1) refers to printf1.o(i._snputc) for _snputc
    printf1.o(i.__0vsprintf$1) refers to printf1.o(i._printf_core) for _printf_core
    printf1.o(i.__0vsprintf$1) refers to printf1.o(i._sputc) for _sputc
    printf1.o(i._printf_core) refers to uidiv.o(.text) for __aeabi_uidivmod
    printf2.o(i.__0fprintf$2) refers to printf2.o(i._printf_core) for _printf_core
    printf2.o(i.__0fprintf$2) refers to fputc.o(i.fputc) for fputc
    printf2.o(i.__0printf$2) refers to printf2.o(i._printf_core) for _printf_core
    printf2.o(i.__0printf$2) refers to fputc.o(i.fputc) for fputc
    printf2.o(i.__0printf$2) refers to stdout.o(.data) for __stdout
    printf2.o(i.__0snprintf$2) refers to printf2.o(i._printf_core) for _printf_core
    printf2.o(i.__0snprintf$2) refers to printf2.o(i._snputc) for _snputc
    printf2.o(i.__0sprintf$2) refers to printf2.o(i._printf_core) for _printf_core
    printf2.o(i.__0sprintf$2) refers to printf2.o(i._sputc) for _sputc
    printf2.o(i.__0vfprintf$2) refers to printf2.o(i._printf_core) for _printf_core
    printf2.o(i.__0vfprintf$2) refers to fputc.o(i.fputc) for fputc
    printf2.o(i.__0vprintf$2) refers to printf2.o(i._printf_core) for _printf_core
    printf2.o(i.__0vprintf$2) refers to fputc.o(i.fputc) for fputc
    printf2.o(i.__0vprintf$2) refers to stdout.o(.data) for __stdout
    printf2.o(i.__0vsnprintf$2) refers to printf2.o(i._printf_core) for _printf_core
    printf2.o(i.__0vsnprintf$2) refers to printf2.o(i._snputc) for _snputc
    printf2.o(i.__0vsprintf$2) refers to printf2.o(i._printf_core) for _printf_core
    printf2.o(i.__0vsprintf$2) refers to printf2.o(i._sputc) for _sputc
    printf3.o(i.__0fprintf$3) refers to printf3.o(i._printf_core) for _printf_core
    printf3.o(i.__0fprintf$3) refers to fputc.o(i.fputc) for fputc
    printf3.o(i.__0printf$3) refers to printf3.o(i._printf_core) for _printf_core
    printf3.o(i.__0printf$3) refers to fputc.o(i.fputc) for fputc
    printf3.o(i.__0printf$3) refers to stdout.o(.data) for __stdout
    printf3.o(i.__0snprintf$3) refers to printf3.o(i._printf_core) for _printf_core
    printf3.o(i.__0snprintf$3) refers to printf3.o(i._snputc) for _snputc
    printf3.o(i.__0sprintf$3) refers to printf3.o(i._printf_core) for _printf_core
    printf3.o(i.__0sprintf$3) refers to printf3.o(i._sputc) for _sputc
    printf3.o(i.__0vfprintf$3) refers to printf3.o(i._printf_core) for _printf_core
    printf3.o(i.__0vfprintf$3) refers to fputc.o(i.fputc) for fputc
    printf3.o(i.__0vprintf$3) refers to printf3.o(i._printf_core) for _printf_core
    printf3.o(i.__0vprintf$3) refers to fputc.o(i.fputc) for fputc
    printf3.o(i.__0vprintf$3) refers to stdout.o(.data) for __stdout
    printf3.o(i.__0vsnprintf$3) refers to printf3.o(i._printf_core) for _printf_core
    printf3.o(i.__0vsnprintf$3) refers to printf3.o(i._snputc) for _snputc
    printf3.o(i.__0vsprintf$3) refers to printf3.o(i._printf_core) for _printf_core
    printf3.o(i.__0vsprintf$3) refers to printf3.o(i._sputc) for _sputc
    printf3.o(i._printf_core) refers to uidiv.o(.text) for __aeabi_uidivmod
    printf4.o(i.__0fprintf$4) refers to printf4.o(i._printf_core) for _printf_core
    printf4.o(i.__0fprintf$4) refers to fputc.o(i.fputc) for fputc
    printf4.o(i.__0printf$4) refers to printf4.o(i._printf_core) for _printf_core
    printf4.o(i.__0printf$4) refers to fputc.o(i.fputc) for fputc
    printf4.o(i.__0printf$4) refers to stdout.o(.data) for __stdout
    printf4.o(i.__0snprintf$4) refers to printf4.o(i._printf_core) for _printf_core
    printf4.o(i.__0snprintf$4) refers to printf4.o(i._snputc) for _snputc
    printf4.o(i.__0sprintf$4) refers to printf4.o(i._printf_core) for _printf_core
    printf4.o(i.__0sprintf$4) refers to printf4.o(i._sputc) for _sputc
    printf4.o(i.__0vfprintf$4) refers to printf4.o(i._printf_core) for _printf_core
    printf4.o(i.__0vfprintf$4) refers to fputc.o(i.fputc) for fputc
    printf4.o(i.__0vprintf$4) refers to printf4.o(i._printf_core) for _printf_core
    printf4.o(i.__0vprintf$4) refers to fputc.o(i.fputc) for fputc
    printf4.o(i.__0vprintf$4) refers to stdout.o(.data) for __stdout
    printf4.o(i.__0vsnprintf$4) refers to printf4.o(i._printf_core) for _printf_core
    printf4.o(i.__0vsnprintf$4) refers to printf4.o(i._snputc) for _snputc
    printf4.o(i.__0vsprintf$4) refers to printf4.o(i._printf_core) for _printf_core
    printf4.o(i.__0vsprintf$4) refers to printf4.o(i._sputc) for _sputc
    printf4.o(i._printf_core) refers to uldiv.o(.text) for __aeabi_uldivmod
    printf5.o(i.__0fprintf$5) refers to printf5.o(i._printf_core) for _printf_core
    printf5.o(i.__0fprintf$5) refers to fputc.o(i.fputc) for fputc
    printf5.o(i.__0printf$5) refers to printf5.o(i._printf_core) for _printf_core
    printf5.o(i.__0printf$5) refers to fputc.o(i.fputc) for fputc
    printf5.o(i.__0printf$5) refers to stdout.o(.data) for __stdout
    printf5.o(i.__0snprintf$5) refers to printf5.o(i._printf_core) for _printf_core
    printf5.o(i.__0snprintf$5) refers to printf5.o(i._snputc) for _snputc
    printf5.o(i.__0sprintf$5) refers to printf5.o(i._printf_core) for _printf_core
    printf5.o(i.__0sprintf$5) refers to printf5.o(i._sputc) for _sputc
    printf5.o(i.__0vfprintf$5) refers to printf5.o(i._printf_core) for _printf_core
    printf5.o(i.__0vfprintf$5) refers to fputc.o(i.fputc) for fputc
    printf5.o(i.__0vprintf$5) refers to printf5.o(i._printf_core) for _printf_core
    printf5.o(i.__0vprintf$5) refers to fputc.o(i.fputc) for fputc
    printf5.o(i.__0vprintf$5) refers to stdout.o(.data) for __stdout
    printf5.o(i.__0vsnprintf$5) refers to printf5.o(i._printf_core) for _printf_core
    printf5.o(i.__0vsnprintf$5) refers to printf5.o(i._snputc) for _snputc
    printf5.o(i.__0vsprintf$5) refers to printf5.o(i._printf_core) for _printf_core
    printf5.o(i.__0vsprintf$5) refers to printf5.o(i._sputc) for _sputc
    printf5.o(i._printf_core) refers to uldiv.o(.text) for __aeabi_uldivmod
    printf6.o(i.__0fprintf$6) refers to printf6.o(i._printf_core) for _printf_core
    printf6.o(i.__0fprintf$6) refers to fputc.o(i.fputc) for fputc
    printf6.o(i.__0printf$6) refers to printf6.o(i._printf_core) for _printf_core
    printf6.o(i.__0printf$6) refers to fputc.o(i.fputc) for fputc
    printf6.o(i.__0printf$6) refers to stdout.o(.data) for __stdout
    printf6.o(i.__0snprintf$6) refers to printf6.o(i._printf_core) for _printf_core
    printf6.o(i.__0snprintf$6) refers to printf6.o(i._snputc) for _snputc
    printf6.o(i.__0sprintf$6) refers to printf6.o(i._printf_core) for _printf_core
    printf6.o(i.__0sprintf$6) refers to printf6.o(i._sputc) for _sputc
    printf6.o(i.__0vfprintf$6) refers to printf6.o(i._printf_core) for _printf_core
    printf6.o(i.__0vfprintf$6) refers to fputc.o(i.fputc) for fputc
    printf6.o(i.__0vprintf$6) refers to printf6.o(i._printf_core) for _printf_core
    printf6.o(i.__0vprintf$6) refers to fputc.o(i.fputc) for fputc
    printf6.o(i.__0vprintf$6) refers to stdout.o(.data) for __stdout
    printf6.o(i.__0vsnprintf$6) refers to printf6.o(i._printf_core) for _printf_core
    printf6.o(i.__0vsnprintf$6) refers to printf6.o(i._snputc) for _snputc
    printf6.o(i.__0vsprintf$6) refers to printf6.o(i._printf_core) for _printf_core
    printf6.o(i.__0vsprintf$6) refers to printf6.o(i._sputc) for _sputc
    printf6.o(i._printf_core) refers to printf6.o(i._printf_pre_padding) for _printf_pre_padding
    printf6.o(i._printf_core) refers to printf6.o(i._printf_post_padding) for _printf_post_padding
    printf6.o(i._printf_core) refers to uidiv.o(.text) for __aeabi_uidivmod
    printf7.o(i.__0fprintf$7) refers to printf7.o(i._printf_core) for _printf_core
    printf7.o(i.__0fprintf$7) refers to fputc.o(i.fputc) for fputc
    printf7.o(i.__0printf$7) refers to printf7.o(i._printf_core) for _printf_core
    printf7.o(i.__0printf$7) refers to fputc.o(i.fputc) for fputc
    printf7.o(i.__0printf$7) refers to stdout.o(.data) for __stdout
    printf7.o(i.__0snprintf$7) refers to printf7.o(i._printf_core) for _printf_core
    printf7.o(i.__0snprintf$7) refers to printf7.o(i._snputc) for _snputc
    printf7.o(i.__0sprintf$7) refers to printf7.o(i._printf_core) for _printf_core
    printf7.o(i.__0sprintf$7) refers to printf7.o(i._sputc) for _sputc
    printf7.o(i.__0vfprintf$7) refers to printf7.o(i._printf_core) for _printf_core
    printf7.o(i.__0vfprintf$7) refers to fputc.o(i.fputc) for fputc
    printf7.o(i.__0vprintf$7) refers to printf7.o(i._printf_core) for _printf_core
    printf7.o(i.__0vprintf$7) refers to fputc.o(i.fputc) for fputc
    printf7.o(i.__0vprintf$7) refers to stdout.o(.data) for __stdout
    printf7.o(i.__0vsnprintf$7) refers to printf7.o(i._printf_core) for _printf_core
    printf7.o(i.__0vsnprintf$7) refers to printf7.o(i._snputc) for _snputc
    printf7.o(i.__0vsprintf$7) refers to printf7.o(i._printf_core) for _printf_core
    printf7.o(i.__0vsprintf$7) refers to printf7.o(i._sputc) for _sputc
    printf7.o(i._printf_core) refers to printf7.o(i._printf_pre_padding) for _printf_pre_padding
    printf7.o(i._printf_core) refers to printf7.o(i._printf_post_padding) for _printf_post_padding
    printf7.o(i._printf_core) refers to uldiv.o(.text) for __aeabi_uldivmod
    printf8.o(i.__0fprintf$8) refers to printf8.o(i._printf_core) for _printf_core
    printf8.o(i.__0fprintf$8) refers to fputc.o(i.fputc) for fputc
    printf8.o(i.__0printf$8) refers to printf8.o(i._printf_core) for _printf_core
    printf8.o(i.__0printf$8) refers to fputc.o(i.fputc) for fputc
    printf8.o(i.__0printf$8) refers to stdout.o(.data) for __stdout
    printf8.o(i.__0snprintf$8) refers to printf8.o(i._printf_core) for _printf_core
    printf8.o(i.__0snprintf$8) refers to printf8.o(i._snputc) for _snputc
    printf8.o(i.__0sprintf$8) refers to printf8.o(i._printf_core) for _printf_core
    printf8.o(i.__0sprintf$8) refers to printf8.o(i._sputc) for _sputc
    printf8.o(i.__0vfprintf$8) refers to printf8.o(i._printf_core) for _printf_core
    printf8.o(i.__0vfprintf$8) refers to fputc.o(i.fputc) for fputc
    printf8.o(i.__0vprintf$8) refers to printf8.o(i._printf_core) for _printf_core
    printf8.o(i.__0vprintf$8) refers to fputc.o(i.fputc) for fputc
    printf8.o(i.__0vprintf$8) refers to stdout.o(.data) for __stdout
    printf8.o(i.__0vsnprintf$8) refers to printf8.o(i._printf_core) for _printf_core
    printf8.o(i.__0vsnprintf$8) refers to printf8.o(i._snputc) for _snputc
    printf8.o(i.__0vsprintf$8) refers to printf8.o(i._printf_core) for _printf_core
    printf8.o(i.__0vsprintf$8) refers to printf8.o(i._sputc) for _sputc
    printf8.o(i._printf_core) refers to printf8.o(i._printf_pre_padding) for _printf_pre_padding
    printf8.o(i._printf_core) refers to uldiv.o(.text) for __aeabi_uldivmod
    printf8.o(i._printf_core) refers to printf8.o(i._printf_post_padding) for _printf_post_padding
    printfa.o(i.__0fprintf) refers (Special) to iusefp.o(.text) for __I$use$fp
    printfa.o(i.__0fprintf) refers to printfa.o(i._printf_core) for _printf_core
    printfa.o(i.__0fprintf) refers to fputc.o(i.fputc) for fputc
    printfa.o(i.__0printf) refers (Special) to iusefp.o(.text) for __I$use$fp
    printfa.o(i.__0printf) refers to printfa.o(i._printf_core) for _printf_core
    printfa.o(i.__0printf) refers to fputc.o(i.fputc) for fputc
    printfa.o(i.__0printf) refers to stdout.o(.data) for __stdout
    printfa.o(i.__0snprintf) refers (Special) to iusefp.o(.text) for __I$use$fp
    printfa.o(i.__0snprintf) refers to printfa.o(i._printf_core) for _printf_core
    printfa.o(i.__0snprintf) refers to printfa.o(i._snputc) for _snputc
    printfa.o(i.__0sprintf) refers (Special) to iusefp.o(.text) for __I$use$fp
    printfa.o(i.__0sprintf) refers to printfa.o(i._printf_core) for _printf_core
    printfa.o(i.__0sprintf) refers to printfa.o(i._sputc) for _sputc
    printfa.o(i.__0vfprintf) refers (Special) to iusefp.o(.text) for __I$use$fp
    printfa.o(i.__0vfprintf) refers to printfa.o(i._printf_core) for _printf_core
    printfa.o(i.__0vfprintf) refers to fputc.o(i.fputc) for fputc
    printfa.o(i.__0vprintf) refers (Special) to iusefp.o(.text) for __I$use$fp
    printfa.o(i.__0vprintf) refers to printfa.o(i._printf_core) for _printf_core
    printfa.o(i.__0vprintf) refers to fputc.o(i.fputc) for fputc
    printfa.o(i.__0vprintf) refers to stdout.o(.data) for __stdout
    printfa.o(i.__0vsnprintf) refers (Special) to iusefp.o(.text) for __I$use$fp
    printfa.o(i.__0vsnprintf) refers to printfa.o(i._printf_core) for _printf_core
    printfa.o(i.__0vsnprintf) refers to printfa.o(i._snputc) for _snputc
    printfa.o(i.__0vsprintf) refers (Special) to iusefp.o(.text) for __I$use$fp
    printfa.o(i.__0vsprintf) refers to printfa.o(i._printf_core) for _printf_core
    printfa.o(i.__0vsprintf) refers to printfa.o(i._sputc) for _sputc
    printfa.o(i._fp_digits) refers (Special) to iusefp.o(.text) for __I$use$fp
    printfa.o(i._fp_digits) refers to dmul.o(.text) for __aeabi_dmul
    printfa.o(i._fp_digits) refers to ddiv.o(.text) for __aeabi_ddiv
    printfa.o(i._fp_digits) refers to cdrcmple.o(.text) for __aeabi_cdrcmple
    printfa.o(i._fp_digits) refers to dadd.o(.text) for __aeabi_dadd
    printfa.o(i._fp_digits) refers to dfixul.o(.text) for __aeabi_d2ulz
    printfa.o(i._fp_digits) refers to uldiv.o(.text) for __aeabi_uldivmod
    printfa.o(i._printf_core) refers (Special) to iusefp.o(.text) for __I$use$fp
    printfa.o(i._printf_core) refers to printfa.o(i._printf_pre_padding) for _printf_pre_padding
    printfa.o(i._printf_core) refers to uldiv.o(.text) for __aeabi_uldivmod
    printfa.o(i._printf_core) refers to printfa.o(i._printf_post_padding) for _printf_post_padding
    printfa.o(i._printf_core) refers to printfa.o(i._fp_digits) for _fp_digits
    printfa.o(i._printf_core) refers to uidiv.o(.text) for __aeabi_uidivmod
    printfa.o(i._printf_post_padding) refers (Special) to iusefp.o(.text) for __I$use$fp
    printfa.o(i._printf_pre_padding) refers (Special) to iusefp.o(.text) for __I$use$fp
    printfa.o(i._snputc) refers (Special) to iusefp.o(.text) for __I$use$fp
    printfa.o(i._sputc) refers (Special) to iusefp.o(.text) for __I$use$fp
    dmul.o(.text) refers (Special) to iusefp.o(.text) for __I$use$fp
    dmul.o(.text) refers to depilogue.o(.text) for _double_epilogue
    dflti.o(.text) refers (Special) to iusefp.o(.text) for __I$use$fp
    dflti.o(.text) refers to depilogue.o(.text) for _double_epilogue
    entry2.o(.ARM.Collect$$$$00000001) refers to entry2.o(.ARM.Collect$$$$00002712) for __lit__00000000
    entry2.o(.ARM.Collect$$$$00002712) refers to sam7.o(STACK) for __initial_sp
    entry5.o(.ARM.Collect$$$$00000004) refers to init.o(.text) for __scatterload
    entry9a.o(.ARM.Collect$$$$0000000B) refers to main_code.o(.text) for main
    entry9b.o(.ARM.Collect$$$$0000000C) refers to main_code.o(.text) for main
    fputc.o(i.fputc) refers (Special) to iusesemip.o(.text) for __I$use$semihosting$fputc
    fputc.o(i.fputc) refers (Special) to semi.o(.text) for __semihosting_library_function
    uldiv.o(.text) refers to llushr.o(.text) for __aeabi_llsr
    uldiv.o(.text) refers to llshl.o(.text) for __aeabi_llsl
    depilogue.o(.text) refers to depilogue.o(i.__ARM_clz) for __ARM_clz
    depilogue.o(.text) refers to llshl.o(.text) for __aeabi_llsl
    depilogue.o(.text) refers to llushr.o(.text) for __aeabi_llsr
    dadd.o(.text) refers to llshl.o(.text) for __aeabi_llsl
    dadd.o(.text) refers to llsshr.o(.text) for __aeabi_lasr
    dadd.o(.text) refers to depilogue.o(.text) for _double_epilogue
    ddiv.o(.text) refers to depilogue.o(.text) for _double_round
    dfixul.o(.text) refers to llushr.o(.text) for __aeabi_llsr
    dfixul.o(.text) refers to llshl.o(.text) for __aeabi_llsl
    init.o(.text) refers to entry5.o(.ARM.Collect$$$$00000004) for __main_after_scatterload


==============================================================================

Removing Unused input sections from the image.

    Removing sam7.o(HEAP), (0 bytes).
    Removing retarget.o(.text), (8 bytes).
    Removing delay.o(.text), (40 bytes).
    Removing lcd.o(.text), (52 bytes).
    Removing lcd.o(.text), (112 bytes).
    Removing lcd.o(.text), (236 bytes).
    Removing lcd.o(.text), (388 bytes).
    Removing lcd.o(.text), (304 bytes).

8 unused section(s) (total 1140 bytes) removed from the image.

==============================================================================

Image Symbol Table

    Local Symbols

    Symbol Name                              Value     Ov Type        Size  Object(Section)

    ../clib/microlib/division.c              0x00000000   Number         0  uidiv.o ABSOLUTE
    ../clib/microlib/division.c              0x00000000   Number         0  uldiv.o ABSOLUTE
    ../clib/microlib/init/entry.s            0x00000000   Number         0  entry5.o ABSOLUTE
    ../clib/microlib/init/entry.s            0x00000000   Number         0  entry9a.o ABSOLUTE
    ../clib/microlib/init/entry.s            0x00000000   Number         0  entry8b.o ABSOLUTE
    ../clib/microlib/init/entry.s            0x00000000   Number         0  entry8a.o ABSOLUTE
    ../clib/microlib/init/entry.s            0x00000000   Number         0  entry7b.o ABSOLUTE
    ../clib/microlib/init/entry.s            0x00000000   Number         0  entry7a.o ABSOLUTE
    ../clib/microlib/init/entry.s            0x00000000   Number         0  entry2.o ABSOLUTE
    ../clib/microlib/init/entry.s            0x00000000   Number         0  entry9b.o ABSOLUTE
    ../clib/microlib/init/entry.s            0x00000000   Number         0  entry10a.o ABSOLUTE
    ../clib/microlib/init/entry.s            0x00000000   Number         0  entry.o ABSOLUTE
    ../clib/microlib/init/entry.s            0x00000000   Number         0  entry10b.o ABSOLUTE
    ../clib/microlib/init/entry.s            0x00000000   Number         0  entry11a.o ABSOLUTE
    ../clib/microlib/init/entry.s            0x00000000   Number         0  entry11b.o ABSOLUTE
    ../clib/microlib/longlong.c              0x00000000   Number         0  llsshr.o ABSOLUTE
    ../clib/microlib/longlong.c              0x00000000   Number         0  llushr.o ABSOLUTE
    ../clib/microlib/longlong.c              0x00000000   Number         0  llshl.o ABSOLUTE
    ../clib/microlib/printf/printf.c         0x00000000   Number         0  printf4.o ABSOLUTE
    ../clib/microlib/printf/printf.c         0x00000000   Number         0  printf2.o ABSOLUTE
    ../clib/microlib/printf/printf.c         0x00000000   Number         0  printf1.o ABSOLUTE
    ../clib/microlib/printf/printf.c         0x00000000   Number         0  printf0.o ABSOLUTE
    ../clib/microlib/printf/printf.c         0x00000000   Number         0  printfb.o ABSOLUTE
    ../clib/microlib/printf/printf.c         0x00000000   Number         0  printf3.o ABSOLUTE
    ../clib/microlib/printf/printf.c         0x00000000   Number         0  printf5.o ABSOLUTE
    ../clib/microlib/printf/printf.c         0x00000000   Number         0  printf6.o ABSOLUTE
    ../clib/microlib/printf/printf.c         0x00000000   Number         0  printf7.o ABSOLUTE
    ../clib/microlib/printf/printf.c         0x00000000   Number         0  printf8.o ABSOLUTE
    ../clib/microlib/printf/printf.c         0x00000000   Number         0  printfa.o ABSOLUTE
    ../clib/microlib/printf/stubs.s          0x00000000   Number         0  stubs.o ABSOLUTE
    ../clib/microlib/stdio/fputc.c           0x00000000   Number         0  fputc.o ABSOLUTE
    ../clib/microlib/stdio/semi.s            0x00000000   Number         0  semi.o ABSOLUTE
    ../clib/microlib/stdio/streams.c         0x00000000   Number         0  stdout.o ABSOLUTE
    ../clib/microlib/stubs.s                 0x00000000   Number         0  iusesemip.o ABSOLUTE
    ../clib/microlib/stubs.s                 0x00000000   Number         0  useno.o ABSOLUTE
    ../clib/microlib/stubs.s                 0x00000000   Number         0  iusefp.o ABSOLUTE
    ../fplib/microlib/fpadd.c                0x00000000   Number         0  dadd.o ABSOLUTE
    ../fplib/microlib/fpdiv.c                0x00000000   Number         0  ddiv.o ABSOLUTE
    ../fplib/microlib/fpepilogue.c           0x00000000   Number         0  depilogue.o ABSOLUTE
    ../fplib/microlib/fpfix.c                0x00000000   Number         0  dfixul.o ABSOLUTE
    ../fplib/microlib/fpflt.c                0x00000000   Number         0  dflti.o ABSOLUTE
    ../fplib/microlib/fpmul.c                0x00000000   Number         0  dmul.o ABSOLUTE
    Retarget.c                               0x00000000   Number         0  retarget.o ABSOLUTE
    SAM7.s                                   0x00000000   Number         0  sam7.o ABSOLUTE
    cdrcmple.s                               0x00000000   Number         0  cdrcmple.o ABSOLUTE
    dc.s                                     0x00000000   Number         0  dc.o ABSOLUTE
    delay.c                                  0x00000000   Number         0  delay.o ABSOLUTE
    handlers.s                               0x00000000   Number         0  handlers.o ABSOLUTE
    init.s                                   0x00000000   Number         0  init.o ABSOLUTE
    lcd.c                                    0x00000000   Number         0  lcd.o ABSOLUTE
    main_code.c                              0x00000000   Number         0  main_code.o ABSOLUTE
    RESET                                    0x00200000   Section      328  sam7.o(RESET)
    Undef_Handler                            0x00200040   ARM Code       4  sam7.o(RESET)
    SWI_Handler                              0x00200044   ARM Code       4  sam7.o(RESET)
    PAbt_Handler                             0x00200048   ARM Code       4  sam7.o(RESET)
    DAbt_Handler                             0x0020004c   ARM Code       4  sam7.o(RESET)
    IRQ_Handler                              0x00200050   ARM Code       4  sam7.o(RESET)
    FIQ_Handler                              0x00200054   ARM Code       4  sam7.o(RESET)
    .ARM.Collect$$$$00000000                 0x00200148   Section        0  entry.o(.ARM.Collect$$$$00000000)
    .ARM.Collect$$$$00000001                 0x00200148   Section        4  entry2.o(.ARM.Collect$$$$00000001)
    .ARM.Collect$$$$00000004                 0x0020014c   Section        4  entry5.o(.ARM.Collect$$$$00000004)
    .ARM.Collect$$$$00000008                 0x00200150   Section        0  entry7b.o(.ARM.Collect$$$$00000008)
    .ARM.Collect$$$$0000000A                 0x00200150   Section        0  entry8b.o(.ARM.Collect$$$$0000000A)
    .ARM.Collect$$$$0000000B                 0x00200150   Section       12  entry9a.o(.ARM.Collect$$$$0000000B)
    .ARM.Collect$$$$0000000D                 0x0020015c   Section        0  entry10a.o(.ARM.Collect$$$$0000000D)
    .ARM.Collect$$$$0000000F                 0x0020015c   Section        0  entry11a.o(.ARM.Collect$$$$0000000F)
    .ARM.Collect$$$$00002712                 0x0020015c   Section        4  entry2.o(.ARM.Collect$$$$00002712)
    __lit__00000000                          0x0020015c   Data           4  entry2.o(.ARM.Collect$$$$00002712)
    .text                                    0x00200160   Section        0  delay.o(.text)
    delay_us_core                            0x00200160   ARM Code      28  delay.o(.text)
    .text                                    0x002001c8   Section        0  lcd.o(.text)
    .text                                    0x00200650   Section        0  main_code.o(.text)
    .text                                    0x002006a0   Section        0  main_code.o(.text)
    .text                                    0x00200728   Section        0  main_code.o(.text)
    .text                                    0x002007b0   Section        0  main_code.o(.text)
    .text                                    0x00200b90   Section        0  dmul.o(.text)
    .text                                    0x00200cac   Section        0  dflti.o(.text)
    .text                                    0x00200ce4   Section        0  uidiv.o(.text)
    .text                                    0x00200d24   Section        0  uldiv.o(.text)
    .text                                    0x00200db4   Section        0  iusefp.o(.text)
    .text                                    0x00200db4   Section        0  depilogue.o(.text)
    .text                                    0x00200ed4   Section        0  dadd.o(.text)
    .text                                    0x002010b8   Section        0  ddiv.o(.text)
    .text                                    0x002011dc   Section        0  dfixul.o(.text)
    .text                                    0x00201230   Section       44  cdrcmple.o(.text)
    .text                                    0x0020125c   Section       48  init.o(.text)
    .text                                    0x0020128c   Section        0  llshl.o(.text)
    .text                                    0x002012b4   Section        0  llushr.o(.text)
    .text                                    0x002012e0   Section        0  llsshr.o(.text)
    i.AT91F_AIC_AcknowledgeIt                0x00201314   Section        0  main_code.o(i.AT91F_AIC_AcknowledgeIt)
    i.AT91F_AIC_ConfigureIt                  0x00201320   Section        0  main_code.o(i.AT91F_AIC_ConfigureIt)
    i.AT91F_AIC_EnableIt                     0x00201358   Section        0  main_code.o(i.AT91F_AIC_EnableIt)
    i.__0sprintf                             0x00201368   Section        0  printfa.o(i.__0sprintf)
    i.__ARM_clz                              0x002013a4   Section        0  depilogue.o(i.__ARM_clz)
    i.__scatterload_copy                     0x002013e8   Section       28  handlers.o(i.__scatterload_copy)
    i.__scatterload_null                     0x00201404   Section        4  handlers.o(i.__scatterload_null)
    i.__scatterload_zeroinit                 0x00201408   Section       24  handlers.o(i.__scatterload_zeroinit)
    i._fp_digits                             0x00201420   Section        0  printfa.o(i._fp_digits)
    _fp_digits                               0x00201420   ARM Code     524  printfa.o(i._fp_digits)
    i._printf_core                           0x0020162c   Section        0  printfa.o(i._printf_core)
    _printf_core                             0x0020162c   ARM Code    2580  printfa.o(i._printf_core)
    i._printf_post_padding                   0x00202040   Section        0  printfa.o(i._printf_post_padding)
    _printf_post_padding                     0x00202040   ARM Code      68  printfa.o(i._printf_post_padding)
    i._printf_pre_padding                    0x00202084   Section        0  printfa.o(i._printf_pre_padding)
    _printf_pre_padding                      0x00202084   ARM Code      80  printfa.o(i._printf_pre_padding)
    i._sputc                                 0x002020d4   Section        0  printfa.o(i._sputc)
    _sputc                                   0x002020d4   ARM Code      20  printfa.o(i._sputc)
    .constdata                               0x002020e8   Section     3116  lcd.o(.constdata)
    .data                                    0x00208000   Section       20  lcd.o(.data)
    .data                                    0x00208014   Section       24  main_code.o(.data)
    status_IRQ                               0x00208014   Data           4  main_code.o(.data)
    zmienna_1                                0x00208018   Data           4  main_code.o(.data)
    zmienna_2                                0x0020801c   Data           4  main_code.o(.data)
    s                                        0x00208020   Data           4  main_code.o(.data)
    m                                        0x00208024   Data           4  main_code.o(.data)
    h                                        0x00208028   Data           4  main_code.o(.data)
    .bss                                     0x0020802c   Section      100  main_code.o(.bss)
    STACK                                    0x00208090   Section     1160  sam7.o(STACK)
    Stack_Top                                0x00208518   Data           0  sam7.o(STACK)

    Global Symbols

    Symbol Name                              Value     Ov Type        Size  Object(Section)

    BuildAttributes$$ARM_ISAv4$S$PE$A:L22$X:L11$S22$IEEE1$~IW$USESV6$~STKCKD$USESV7$~SHL$OSPACE$ROPI$EBA8$MICROLIB$REQ8$PRES8$EABIv2 0x00000000   Number         0  anon$$obj.o ABSOLUTE
    __ARM_use_no_argv                        0x00000000   Number         0  main_code.o ABSOLUTE
    __use_no_errno                           0x00000000   Number         0  useno.o ABSOLUTE
    __use_no_exception_handling              0x00000000   Number         0  useno.o ABSOLUTE
    __use_no_fp                              0x00000000   Number         0  useno.o ABSOLUTE
    __use_no_heap                            0x00000000   Number         0  useno.o ABSOLUTE
    __use_no_heap_region                     0x00000000   Number         0  useno.o ABSOLUTE
    __use_no_semihosting                     0x00000000   Number         0  useno.o ABSOLUTE
    __use_no_semihosting_swi                 0x00000000   Number         0  useno.o ABSOLUTE
    __use_no_signal_handling                 0x00000000   Number         0  useno.o ABSOLUTE
    _printf_a                                0x00000000   Number         0  stubs.o ABSOLUTE
    _printf_c                                0x00000000   Number         0  stubs.o ABSOLUTE
    _printf_charcount                        0x00000000   Number         0  stubs.o ABSOLUTE
    _printf_d                                0x00000000   Number         0  stubs.o ABSOLUTE
    _printf_e                                0x00000000   Number         0  stubs.o ABSOLUTE
    _printf_f                                0x00000000   Number         0  stubs.o ABSOLUTE
    _printf_flags                            0x00000000   Number         0  stubs.o ABSOLUTE
    _printf_fp_dec                           0x00000000   Number         0  stubs.o ABSOLUTE
    _printf_fp_hex                           0x00000000   Number         0  stubs.o ABSOLUTE
    _printf_g                                0x00000000   Number         0  stubs.o ABSOLUTE
    _printf_i                                0x00000000   Number         0  stubs.o ABSOLUTE
    _printf_int_dec                          0x00000000   Number         0  stubs.o ABSOLUTE
    _printf_l                                0x00000000   Number         0  stubs.o ABSOLUTE
    _printf_lc                               0x00000000   Number         0  stubs.o ABSOLUTE
    _printf_ll                               0x00000000   Number         0  stubs.o ABSOLUTE
    _printf_lld                              0x00000000   Number         0  stubs.o ABSOLUTE
    _printf_lli                              0x00000000   Number         0  stubs.o ABSOLUTE
    _printf_llo                              0x00000000   Number         0  stubs.o ABSOLUTE
    _printf_llu                              0x00000000   Number         0  stubs.o ABSOLUTE
    _printf_llx                              0x00000000   Number         0  stubs.o ABSOLUTE
    _printf_longlong_dec                     0x00000000   Number         0  stubs.o ABSOLUTE
    _printf_longlong_hex                     0x00000000   Number         0  stubs.o ABSOLUTE
    _printf_longlong_oct                     0x00000000   Number         0  stubs.o ABSOLUTE
    _printf_ls                               0x00000000   Number         0  stubs.o ABSOLUTE
    _printf_mbtowc                           0x00000000   Number         0  stubs.o ABSOLUTE
    _printf_n                                0x00000000   Number         0  stubs.o ABSOLUTE
    _printf_o                                0x00000000   Number         0  stubs.o ABSOLUTE
    _printf_p                                0x00000000   Number         0  stubs.o ABSOLUTE
    _printf_percent                          0x00000000   Number         0  stubs.o ABSOLUTE
    _printf_pre_padding                      0x00000000   Number         0  stubs.o ABSOLUTE
    _printf_return_value                     0x00000000   Number         0  stubs.o ABSOLUTE
    _printf_s                                0x00000000   Number         0  stubs.o ABSOLUTE
    _printf_sizespec                         0x00000000   Number         0  stubs.o ABSOLUTE
    _printf_str                              0x00000000   Number         0  stubs.o ABSOLUTE
    _printf_truncate_signed                  0x00000000   Number         0  stubs.o ABSOLUTE
    _printf_truncate_unsigned                0x00000000   Number         0  stubs.o ABSOLUTE
    _printf_u                                0x00000000   Number         0  stubs.o ABSOLUTE
    _printf_wc                               0x00000000   Number         0  stubs.o ABSOLUTE
    _printf_wctomb                           0x00000000   Number         0  stubs.o ABSOLUTE
    _printf_widthprec                        0x00000000   Number         0  stubs.o ABSOLUTE
    _printf_x                                0x00000000   Number         0  stubs.o ABSOLUTE
    __cpp_initialize__aeabi_                  - Undefined Weak Reference
    __cxa_finalize                            - Undefined Weak Reference
    __decompress                              - Undefined Weak Reference
    _clock_init                               - Undefined Weak Reference
    _microlib_exit                            - Undefined Weak Reference
    Reset_Handler                            0x00200058   ARM Code       0  sam7.o(RESET)
    __main                                   0x00200148   ARM Code       0  entry.o(.ARM.Collect$$$$00000000)
    _main_stk                                0x00200148   ARM Code       0  entry2.o(.ARM.Collect$$$$00000001)
    _main_scatterload                        0x0020014c   ARM Code       0  entry5.o(.ARM.Collect$$$$00000004)
    __main_after_scatterload                 0x00200150   ARM Code       0  entry5.o(.ARM.Collect$$$$00000004)
    _main_clock                              0x00200150   ARM Code       0  entry7b.o(.ARM.Collect$$$$00000008)
    _main_cpp_init                           0x00200150   ARM Code       0  entry8b.o(.ARM.Collect$$$$0000000A)
    _main_init                               0x00200150   ARM Code       0  entry9a.o(.ARM.Collect$$$$0000000B)
    __rt_final_cpp                           0x0020015c   ARM Code       0  entry10a.o(.ARM.Collect$$$$0000000D)
    __rt_final_exit                          0x0020015c   ARM Code       0  entry11a.o(.ARM.Collect$$$$0000000F)
    delay_us                                 0x0020017c   ARM Code      36  delay.o(.text)
    delay_ms                                 0x002001a0   ARM Code      40  delay.o(.text)
    InitSpi                                  0x002001c8   ARM Code     212  lcd.o(.text)
    WriteSpiCommand                          0x0020029c   ARM Code      60  lcd.o(.text)
    WriteSpiData                             0x002002d8   ARM Code      60  lcd.o(.text)
    InitLcd                                  0x00200314   ARM Code     216  lcd.o(.text)
    LCDClearScreen                           0x002003ec   ARM Code     112  lcd.o(.text)
    LCDPutChar                               0x0020045c   ARM Code     344  lcd.o(.text)
    LCDPutStr                                0x002005b4   ARM Code     124  lcd.o(.text)
    tim0_isr                                 0x00200650   ARM Code      72  main_code.o(.text)
    pioIsr                                   0x002006a0   ARM Code     124  main_code.o(.text)
    pioIsr2                                  0x00200728   ARM Code     124  main_code.o(.text)
    main                                     0x002007b0   ARM Code     992  main_code.o(.text)
    __aeabi_dmul                             0x00200b90   ARM Code     284  dmul.o(.text)
    __aeabi_i2d                              0x00200cac   ARM Code      52  dflti.o(.text)
    __aeabi_uidiv                            0x00200ce4   ARM Code       0  uidiv.o(.text)
    __aeabi_uidivmod                         0x00200ce4   ARM Code      64  uidiv.o(.text)
    __aeabi_uldivmod                         0x00200d24   ARM Code     144  uldiv.o(.text)
    __I$use$fp                               0x00200db4   ARM Code       0  iusefp.o(.text)
    _double_round                            0x00200db4   ARM Code      36  depilogue.o(.text)
    _double_epilogue                         0x00200dd8   ARM Code     252  depilogue.o(.text)
    __aeabi_dadd                             0x00200ed4   ARM Code     468  dadd.o(.text)
    __aeabi_dsub                             0x002010a8   ARM Code       8  dadd.o(.text)
    __aeabi_drsub                            0x002010b0   ARM Code       8  dadd.o(.text)
    __aeabi_ddiv                             0x002010b8   ARM Code     292  ddiv.o(.text)
    __aeabi_d2ulz                            0x002011dc   ARM Code      76  dfixul.o(.text)
    __aeabi_cdrcmple                         0x00201230   ARM Code      44  cdrcmple.o(.text)
    __scatterload                            0x0020125c   ARM Code      40  init.o(.text)
    __scatterload_rt2                        0x0020125c   ARM Code       0  init.o(.text)
    __aeabi_llsl                             0x0020128c   ARM Code      40  llshl.o(.text)
    _ll_shift_l                              0x0020128c   ARM Code       0  llshl.o(.text)
    __aeabi_llsr                             0x002012b4   ARM Code      44  llushr.o(.text)
    _ll_ushift_r                             0x002012b4   ARM Code       0  llushr.o(.text)
    __aeabi_lasr                             0x002012e0   ARM Code      52  llsshr.o(.text)
    _ll_sshift_r                             0x002012e0   ARM Code       0  llsshr.o(.text)
    AT91F_AIC_AcknowledgeIt                  0x00201314   ARM Code      12  main_code.o(i.AT91F_AIC_AcknowledgeIt)
    AT91F_AIC_ConfigureIt                    0x00201320   ARM Code      56  main_code.o(i.AT91F_AIC_ConfigureIt)
    AT91F_AIC_EnableIt                       0x00201358   ARM Code      16  main_code.o(i.AT91F_AIC_EnableIt)
    __0sprintf                               0x00201368   ARM Code      56  printfa.o(i.__0sprintf)
    __1sprintf                               0x00201368   ARM Code       0  printfa.o(i.__0sprintf)
    __2sprintf                               0x00201368   ARM Code       0  printfa.o(i.__0sprintf)
    __c89sprintf                             0x00201368   ARM Code       0  printfa.o(i.__0sprintf)
    sprintf                                  0x00201368   ARM Code       0  printfa.o(i.__0sprintf)
    __ARM_clz                                0x002013a4   ARM Code      68  depilogue.o(i.__ARM_clz)
    __scatterload_copy                       0x002013e8   ARM Code      28  handlers.o(i.__scatterload_copy)
    __scatterload_null                       0x00201404   ARM Code       4  handlers.o(i.__scatterload_null)
    __scatterload_zeroinit                   0x00201408   ARM Code      24  handlers.o(i.__scatterload_zeroinit)
    FONT6x8                                  0x002020e8   Data         776  lcd.o(.constdata)
    FONT8x8                                  0x002023f0   Data         776  lcd.o(.constdata)
    FONT8x16                                 0x002026f8   Data        1552  lcd.o(.constdata)
    Region$$Table$$Base                      0x00202d14   Number         0  anon$$obj.o(Region$$Table)
    Region$$Table$$Limit                     0x00202d34   Number         0  anon$$obj.o(Region$$Table)
    pPIOA                                    0x00208000   Data           4  lcd.o(.data)
    pPIOB                                    0x00208004   Data           4  lcd.o(.data)
    pSPI                                     0x00208008   Data           4  lcd.o(.data)
    pPMC                                     0x0020800c   Data           4  lcd.o(.data)
    pPDC                                     0x00208010   Data           4  lcd.o(.data)
    ciag                                     0x0020802c   Data         100  main_code.o(.bss)
    __initial_sp                             0x00208490   Data         136  sam7.o(STACK)



==============================================================================

Memory Map of the image

  Image Entry point : 0x00200148

  Load Region LR_IROM1 (Base: 0x00200000, Size: 0x00002d60, Max: 0x00008000, ABSOLUTE)

    Execution Region ER_IROM1 (Base: 0x00200000, Size: 0x00002d34, Max: 0x00008000, ABSOLUTE)

    Base Addr    Size         Type   Attr      Idx    E Section Name        Object

    0x00200000   0x00000148   Code   RO            3    RESET               sam7.o
    0x00200148   0x00000000   Code   RO          174  * .ARM.Collect$$$$00000000  mc_4.l(entry.o)
    0x00200148   0x00000004   Code   RO          442    .ARM.Collect$$$$00000001  mc_4.l(entry2.o)
    0x0020014c   0x00000004   Code   RO          444    .ARM.Collect$$$$00000004  mc_4.l(entry5.o)
    0x00200150   0x00000000   Code   RO          446    .ARM.Collect$$$$00000008  mc_4.l(entry7b.o)
    0x00200150   0x00000000   Code   RO          448    .ARM.Collect$$$$0000000A  mc_4.l(entry8b.o)
    0x00200150   0x0000000c   Code   RO          449    .ARM.Collect$$$$0000000B  mc_4.l(entry9a.o)
    0x0020015c   0x00000000   Code   RO          451    .ARM.Collect$$$$0000000D  mc_4.l(entry10a.o)
    0x0020015c   0x00000000   Code   RO          453    .ARM.Collect$$$$0000000F  mc_4.l(entry11a.o)
    0x0020015c   0x00000004   Code   RO          443    .ARM.Collect$$$$00002712  mc_4.l(entry2.o)
    0x00200160   0x00000068   Code   RO           24    .text               delay.o
    0x002001c8   0x00000488   Code   RO           45    .text               lcd.o
    0x00200650   0x00000050   Code   RO           97    .text               main_code.o
    0x002006a0   0x00000088   Code   RO           98    .text               main_code.o
    0x00200728   0x00000088   Code   RO           99    .text               main_code.o
    0x002007b0   0x000003e0   Code   RO          100    .text               main_code.o
    0x00200b90   0x0000011c   Code   RO          438    .text               mf_4.l(dmul.o)
    0x00200cac   0x00000038   Code   RO          440    .text               mf_4.l(dflti.o)
    0x00200ce4   0x00000040   Code   RO          458    .text               mc_4.l(uidiv.o)
    0x00200d24   0x00000090   Code   RO          460    .text               mc_4.l(uldiv.o)
    0x00200db4   0x00000000   Code   RO          462    .text               mc_4.l(iusefp.o)
    0x00200db4   0x00000120   Code   RO          463    .text               mf_4.l(depilogue.o)
    0x00200ed4   0x000001e4   Code   RO          467    .text               mf_4.l(dadd.o)
    0x002010b8   0x00000124   Code   RO          469    .text               mf_4.l(ddiv.o)
    0x002011dc   0x00000054   Code   RO          471    .text               mf_4.l(dfixul.o)
    0x00201230   0x0000002c   Code   RO          473    .text               mf_4.l(cdrcmple.o)
    0x0020125c   0x00000030   Code   RO          475    .text               mc_4.l(init.o)
    0x0020128c   0x00000028   Code   RO          478    .text               mc_4.l(llshl.o)
    0x002012b4   0x0000002c   Code   RO          480    .text               mc_4.l(llushr.o)
    0x002012e0   0x00000034   Code   RO          482    .text               mc_4.l(llsshr.o)
    0x00201314   0x0000000c   Code   RO          139    i.AT91F_AIC_AcknowledgeIt  main_code.o
    0x00201320   0x00000038   Code   RO          128    i.AT91F_AIC_ConfigureIt  main_code.o
    0x00201358   0x00000010   Code   RO          134    i.AT91F_AIC_EnableIt  main_code.o
    0x00201368   0x0000003c   Code   RO          412    i.__0sprintf        mc_4.l(printfa.o)
    0x002013a4   0x00000044   Code   RO          465    i.__ARM_clz         mf_4.l(depilogue.o)
    0x002013e8   0x0000001c   Code   RO          487    i.__scatterload_copy  mc_4.l(handlers.o)
    0x00201404   0x00000004   Code   RO          488    i.__scatterload_null  mc_4.l(handlers.o)
    0x00201408   0x00000018   Code   RO          489    i.__scatterload_zeroinit  mc_4.l(handlers.o)
    0x00201420   0x0000020c   Code   RO          417    i._fp_digits        mc_4.l(printfa.o)
    0x0020162c   0x00000a14   Code   RO          418    i._printf_core      mc_4.l(printfa.o)
    0x00202040   0x00000044   Code   RO          419    i._printf_post_padding  mc_4.l(printfa.o)
    0x00202084   0x00000050   Code   RO          420    i._printf_pre_padding  mc_4.l(printfa.o)
    0x002020d4   0x00000014   Code   RO          422    i._sputc            mc_4.l(printfa.o)
    0x002020e8   0x00000c2c   Data   RO           51    .constdata          lcd.o
    0x00202d14   0x00000020   Data   RO          485    Region$$Table       anon$$obj.o


    Execution Region RW_IRAM1 (Base: 0x00208000, Size: 0x00000518, Max: 0x00008000, ABSOLUTE)

    Base Addr    Size         Type   Attr      Idx    E Section Name        Object

    0x00208000   0x00000014   Data   RW           52    .data               lcd.o
    0x00208014   0x00000018   Data   RW          102    .data               main_code.o
    0x0020802c   0x00000064   Zero   RW          101    .bss                main_code.o
    0x00208090   0x00000488   Zero   RW            1    STACK               sam7.o


==============================================================================

Image component sizes


      Code (inc. data)   RO Data    RW Data    ZI Data      Debug   Object Name

       104          0          0          0          0        732   delay.o
      1160         32       3116         20          0      74601   lcd.o
      1428        176          0         24        100      77705   main_code.o
         0          0          0          0          0       1444   retarget.o
       328         72          0          0       1160        316   sam7.o

    ----------------------------------------------------------------------
      3020        280       3148         44       1260     154798   Object Totals
         0          0         32          0          0          0   (incl. Generated)
         0          0          0          0          0          0   (incl. Padding)

    ----------------------------------------------------------------------

      Code (inc. data)   RO Data    RW Data    ZI Data      Debug   Library Member Name

         0          0          0          0          0          0   entry.o
         0          0          0          0          0          0   entry10a.o
         0          0          0          0          0          0   entry11a.o
         8          4          0          0          0          0   entry2.o
         4          0          0          0          0          0   entry5.o
         0          0          0          0          0          0   entry7b.o
         0          0          0          0          0          0   entry8b.o
        12          4          0          0          0          0   entry9a.o
        56          0          0          0          0          0   handlers.o
        48          8          0          0          0         68   init.o
         0          0          0          0          0          0   iusefp.o
        40          0          0          0          0         68   llshl.o
        52          0          0          0          0         68   llsshr.o
        44          0          0          0          0         68   llushr.o
      3332         80          0          0          0        512   printfa.o
        64          0          0          0          0         76   uidiv.o
       144          0          0          0          0         88   uldiv.o
        44          0          0          0          0         68   cdrcmple.o
       484          0          0          0          0        128   dadd.o
       292          0          0          0          0        100   ddiv.o
       356          0          0          0          0        236   depilogue.o
        84          8          0          0          0         68   dfixul.o
        56          4          0          0          0         76   dflti.o
       284          0          0          0          0         96   dmul.o

    ----------------------------------------------------------------------
      5404        108          0          0          0       1720   Library Totals
         0          0          0          0          0          0   (incl. Padding)

    ----------------------------------------------------------------------

      Code (inc. data)   RO Data    RW Data    ZI Data      Debug   Library Name

      3804         96          0          0          0        948   mc_4.l
      1600         12          0          0          0        772   mf_4.l

    ----------------------------------------------------------------------
      5404        108          0          0          0       1720   Library Totals

    ----------------------------------------------------------------------

==============================================================================


      Code (inc. data)   RO Data    RW Data    ZI Data      Debug   

      8424        388       3148         44       1260     155166   Grand Totals
      8424        388       3148         44       1260     155166   ELF Image Totals
      8424        388       3148         44          0          0   ROM Totals

==============================================================================

    Total RO  Size (Code + RO Data)                11572 (  11.30kB)
    Total RW  Size (RW Data + ZI Data)              1304 (   1.27kB)
    Total ROM Size (Code + RO Data + RW Data)      11616 (  11.34kB)

==============================================================================

