<html>
<body>
<pre>
<h1>µVision Build Log</h1>
<h2>Project:</h2>
E:\Dane\Dokumenty\SVN dydaktyka\Informatyka\Systemy wbudowane\przyklady w C\ARM-SAM7X-256_Example5 - IRQ - Timer i PIO\PROJECT_ARM.uvproj
Project File Date:  11/20/2013

<h2>Output:</h2>
Build target 'SAM7X RAM - ULINK'
Clean started - Project: 'PROJECT_ARM'
   deleting intermediate output files for target 'SAM7X RAM - ULINK'
assembling SAM7.s...
compiling Retarget.c...
compiling delay.c...
compiling lcd.c...
lcd.c(154): warning:  #61-D: integer operation result is out of range
        (AT91C_SPI_DLYBCS & (0 << 24)) |    // Delay between chip selects (take default: 6 MCK periods)
lcd.c(165): warning:  #61-D: integer operation result is out of range
        (AT91C_SPI_DLYBCT & (0x01 << 24))     |  // Delay between Consecutive Transfers (32 MCK periods)
lcd.c: 2 warnings, 0 errors
compiling main_code.c...
linking...
Program Size: Code=9028 RO-data=3148 RW-data=32 ZI-data=1264  
".\RAM\PROJECT_ARM.axf" - 0 Error(s), 2 Warning(s).

*** Performing Cross-Module-Optimization:
compiling Retarget.c...
compiling delay.c...
compiling lcd.c...
lcd.c(154): warning:  #61-D: integer operation result is out of range
        (AT91C_SPI_DLYBCS & (0 << 24)) |    // Delay between chip selects (take default: 6 MCK periods)
lcd.c(165): warning:  #61-D: integer operation result is out of range
        (AT91C_SPI_DLYBCT & (0x01 << 24))     |  // Delay between Consecutive Transfers (32 MCK periods)
lcd.c: 2 warnings, 0 errors
compiling main_code.c...
linking...
Program Size: Code=8660 RO-data=3148 RW-data=32 ZI-data=1264  
compiling Retarget.c...
compiling delay.c...
compiling lcd.c...
lcd.c(154): warning:  #61-D: integer operation result is out of range
        (AT91C_SPI_DLYBCS & (0 << 24)) |    // Delay between chip selects (take default: 6 MCK periods)
lcd.c(165): warning:  #61-D: integer operation result is out of range
        (AT91C_SPI_DLYBCT & (0x01 << 24))     |  // Delay between Consecutive Transfers (32 MCK periods)
lcd.c: 2 warnings, 0 errors
compiling main_code.c...
linking...
Program Size: Code=8660 RO-data=3148 RW-data=32 ZI-data=1264  
".\RAM\PROJECT_ARM.axf" - 0 Error(s), 2 Warning(s).
*** Completed Cross-Module-Optimization after 3 iteration(s).
</pre>
</body>
</html>
